Component: ARM Compiler 5.06 update 4 (build 422) Tool: armlink [4d35d2]

==============================================================================

Section Cross References

    main.o(i.ADC_IRQHandler) refers to uidiv.o(.text) for __aeabi_uidivmod
    main.o(i.ADC_IRQHandler) refers to printf8.o(i.__0printf$8) for __2printf
    main.o(i.ADC_IRQHandler) refers to main.o(.data) for .data
    main.o(i.advertising_init2) refers to memseta.o(.text) for __aeabi_memclr4
    main.o(i.advertising_init2) refers to ble_advdata.o(i.ble_advdata_set) for ble_advdata_set
    main.o(i.advertising_init2) refers to app_error.o(i.app_error_handler) for app_error_handler
    main.o(i.advertising_init2) refers to main.o(.data) for .data
    main.o(i.advertising_init2) refers to main.o(.bss) for .bss
    main.o(i.assert_nrf_callback) refers to app_error.o(i.app_error_handler) for app_error_handler
    main.o(i.ble_evt_dispatch) refers to ble_conn_params.o(i.ble_conn_params_on_ble_evt) for ble_conn_params_on_ble_evt
    main.o(i.ble_evt_dispatch) refers to ble_nus.o(i.ble_nus_on_ble_evt) for ble_nus_on_ble_evt
    main.o(i.ble_evt_dispatch) refers to main.o(i.on_ble_evt) for on_ble_evt
    main.o(i.ble_evt_dispatch) refers to ble_advertising.o(i.ble_advertising_on_ble_evt) for ble_advertising_on_ble_evt
    main.o(i.ble_evt_dispatch) refers to bsp_btn_ble.o(i.bsp_btn_ble_on_ble_evt) for bsp_btn_ble_on_ble_evt
    main.o(i.ble_evt_dispatch) refers to main.o(.bss) for .bss
    main.o(i.bsp_event_handler) refers to bsp.o(i.bsp_indication_set) for bsp_indication_set
    main.o(i.bsp_event_handler) refers to app_error.o(i.app_error_handler) for app_error_handler
    main.o(i.bsp_event_handler) refers to bsp_btn_ble.o(i.bsp_btn_ble_sleep_mode_prepare) for bsp_btn_ble_sleep_mode_prepare
    main.o(i.bsp_event_handler) refers to ble_advertising.o(i.ble_advertising_restart_without_whitelist) for ble_advertising_restart_without_whitelist
    main.o(i.bsp_event_handler) refers to main.o(.data) for .data
    main.o(i.main) refers to app_timer.o(i.app_timer_init) for app_timer_init
    main.o(i.main) refers to app_error.o(i.app_error_handler) for app_error_handler
    main.o(i.main) refers to app_uart_fifo.o(i.app_uart_init) for app_uart_init
    main.o(i.main) refers to printf8.o(i.__0printf$8) for __2printf
    main.o(i.main) refers to bsp.o(i.bsp_init) for bsp_init
    main.o(i.main) refers to softdevice_handler.o(i.softdevice_handler_init) for softdevice_handler_init
    main.o(i.main) refers to softdevice_handler.o(i.softdevice_ble_evt_handler_set) for softdevice_ble_evt_handler_set
    main.o(i.main) refers to ble_nus.o(i.ble_nus_init) for ble_nus_init
    main.o(i.main) refers to main.o(i.advertising_init2) for advertising_init2
    main.o(i.main) refers to main.o(i.adc_init) for adc_init
    main.o(i.main) refers to bsp.o(i.bsp_indication_set) for bsp_indication_set
    main.o(i.main) refers to main.o(i.adc_start) for adc_start
    main.o(i.main) refers to nrf_delay.o(i.nrf_delay_ms) for nrf_delay_ms
    main.o(i.main) refers to main.o(.bss) for .bss
    main.o(i.main) refers to main.o(.constdata) for .constdata
    main.o(i.main) refers to main.o(i.uart_event_handle) for uart_event_handle
    main.o(i.main) refers to main.o(i.ble_evt_dispatch) for ble_evt_dispatch
    main.o(i.main) refers to main.o(i.nus_data_handler) for nus_data_handler
    main.o(i.main) refers to main.o(.data) for .data
    main.o(i.nus_data_handler) refers to app_uart_fifo.o(i.app_uart_put) for app_uart_put
    main.o(i.on_ble_evt) refers to app_error.o(i.app_error_handler) for app_error_handler
    main.o(i.on_ble_evt) refers to bsp.o(i.bsp_indication_set) for bsp_indication_set
    main.o(i.on_ble_evt) refers to main.o(.data) for .data
    main.o(i.uart_event_handle) refers to app_error.o(i.app_error_handler) for app_error_handler
    main.o(i.uart_event_handle) refers to app_uart_fifo.o(i.app_uart_get) for app_uart_get
    main.o(i.uart_event_handle) refers to ble_nus.o(i.ble_nus_string_send) for ble_nus_string_send
    main.o(i.uart_event_handle) refers to main.o(.bss) for .bss
    main.o(i.uart_event_handle) refers to main.o(.data) for .data
    bsp.o(i.bsp_button_event_handler) refers to app_timer.o(i.app_timer_start) for app_timer_start
    bsp.o(i.bsp_button_event_handler) refers to app_timer.o(i.app_timer_stop) for app_timer_stop
    bsp.o(i.bsp_button_event_handler) refers to bsp.o(.constdata) for .constdata
    bsp.o(i.bsp_button_event_handler) refers to bsp.o(.bss) for .bss
    bsp.o(i.bsp_button_event_handler) refers to bsp.o(.data) for .data
    bsp.o(i.bsp_button_is_pressed) refers to bsp.o(.constdata) for .constdata
    bsp.o(i.bsp_buttons_disable) refers to app_button.o(i.app_button_disable) for app_button_disable
    bsp.o(i.bsp_buttons_enable) refers to app_button.o(i.app_button_enable) for app_button_enable
    bsp.o(i.bsp_buttons_state_get) refers to bsp.o(.constdata) for .constdata
[...]
    ddiv.o(.text) refers to depilogue.o(.text) for _double_round
    dfixul.o(.text) refers to llushr.o(.text) for __aeabi_llsr
    dfixul.o(.text) refers to llshl.o(.text) for __aeabi_llsl
    init.o(.text) refers to entry5.o(.ARM.Collect$$$$00000004) for __main_after_scatterload
    depilogue.o(.text) refers to depilogue.o(i.__ARM_clz) for __ARM_clz
    depilogue.o(.text) refers to llshl.o(.text) for __aeabi_llsl
    depilogue.o(.text) refers to llushr.o(.text) for __aeabi_llsr


==============================================================================

Removing Unused input sections from the image.

    Removing main.o(.rev16_text), (4 bytes).
    Removing main.o(.revsh_text), (4 bytes).
    Removing main.o(.emb_text), (30 bytes).
    Removing main.o(i.assert_nrf_callback), (20 bytes).
    Removing main.o(i.bsp_event_handler), (92 bytes).
    Removing bsp.o(.rev16_text), (4 bytes).
    Removing bsp.o(.revsh_text), (4 bytes).
    Removing bsp.o(i.bsp_button_is_pressed), (44 bytes).
    Removing bsp.o(i.bsp_buttons_disable), (8 bytes).
    Removing bsp.o(i.bsp_buttons_enable), (8 bytes).
    Removing bsp.o(i.bsp_buttons_state_get), (60 bytes).
    Removing bsp.o(i.bsp_indication_text_set), (8 bytes).
    Removing bsp.o(i.bsp_wakeup_buttons_set), (60 bytes).
    Removing bsp_btn_ble.o(.rev16_text), (4 bytes).
    Removing bsp_btn_ble.o(.revsh_text), (4 bytes).
    Removing bsp_btn_ble.o(i.bsp_btn_ble_init), (84 bytes).
    Removing bsp_btn_ble.o(i.bsp_btn_ble_sleep_mode_prepare), (20 bytes).
    Removing ble_advertising.o(.rev16_text), (4 bytes).
    Removing ble_advertising.o(.revsh_text), (4 bytes).
    Removing ble_advertising.o(i.ble_advertising_init), (292 bytes).
    Removing ble_advertising.o(i.ble_advertising_on_sys_evt), (48 bytes).
    Removing ble_advertising.o(i.ble_advertising_peer_addr_reply), (48 bytes).
    Removing ble_advertising.o(i.ble_advertising_restart_without_whitelist), (64 bytes).
    Removing ble_advertising.o(i.ble_advertising_whitelist_reply), (84 bytes).
    Removing ble_conn_params.o(i.ble_conn_params_change_conn_params), (80 bytes).
    Removing ble_conn_params.o(i.ble_conn_params_init), (84 bytes).
    Removing ble_conn_params.o(i.ble_conn_params_stop), (16 bytes).
    Removing ble_conn_params.o(i.update_timeout_handler), (100 bytes).
    Removing ble_srv_common.o(i.ble_srv_ascii_to_utf8), (18 bytes).
    Removing ble_srv_common.o(i.ble_srv_report_ref_encode), (12 bytes).
    Removing ble_srv_common.o(i.characteristic_add), (400 bytes).
    Removing ble_srv_common.o(i.descriptor_add), (176 bytes).
    Removing ble_srv_common.o(i.set_security_req), (46 bytes).
    Removing app_uart_fifo.o(.rev16_text), (4 bytes).
    Removing app_uart_fifo.o(.revsh_text), (4 bytes).
    Removing app_uart_fifo.o(i.app_uart_close), (10 bytes).
    Removing app_uart_fifo.o(i.app_uart_flush), (28 bytes).
    Removing nrf_delay.o(.rev16_text), (4 bytes).
    Removing nrf_delay.o(.revsh_text), (4 bytes).
    Removing nrf_drv_common.o(.rev16_text), (4 bytes).
    Removing nrf_drv_common.o(.revsh_text), (4 bytes).
    Removing nrf_drv_gpiote.o(.rev16_text), (4 bytes).
    Removing nrf_drv_gpiote.o(.revsh_text), (4 bytes).
    Removing nrf_drv_gpiote.o(i.nrf_drv_gpiote_in_event_addr_get), (24 bytes).
    Removing nrf_drv_gpiote.o(i.nrf_drv_gpiote_in_event_disable), (72 bytes).
    Removing nrf_drv_gpiote.o(i.nrf_drv_gpiote_in_uninit), (76 bytes).
    Removing nrf_drv_gpiote.o(i.nrf_drv_gpiote_out_clear), (16 bytes).
    Removing nrf_drv_gpiote.o(i.nrf_drv_gpiote_out_init), (152 bytes).
    Removing nrf_drv_gpiote.o(i.nrf_drv_gpiote_out_set), (16 bytes).
    Removing nrf_drv_gpiote.o(i.nrf_drv_gpiote_out_task_addr_get), (20 bytes).
    Removing nrf_drv_gpiote.o(i.nrf_drv_gpiote_out_task_disable), (32 bytes).
    Removing nrf_drv_gpiote.o(i.nrf_drv_gpiote_out_task_enable), (48 bytes).
    Removing nrf_drv_gpiote.o(i.nrf_drv_gpiote_out_task_force), (44 bytes).
    Removing nrf_drv_gpiote.o(i.nrf_drv_gpiote_out_task_trigger), (24 bytes).
    Removing nrf_drv_gpiote.o(i.nrf_drv_gpiote_out_toggle), (28 bytes).
    Removing nrf_drv_gpiote.o(i.nrf_drv_gpiote_out_uninit), (68 bytes).
    Removing nrf_drv_gpiote.o(i.nrf_drv_gpiote_uninit), (56 bytes).
    Removing nrf_drv_gpiote.o(i.nrf_gpio_cfg_default), (18 bytes).
    Removing nrf_drv_uart.o(.rev16_text), (4 bytes).
    Removing nrf_drv_uart.o(.revsh_text), (4 bytes).
    Removing nrf_drv_uart.o(i.nrf_drv_uart_errorsrc_get), (28 bytes).
    Removing nrf_drv_uart.o(i.nrf_drv_uart_rx_abort), (24 bytes).
    Removing nrf_drv_uart.o(i.nrf_drv_uart_rx_disable), (24 bytes).
    Removing nrf_drv_uart.o(i.nrf_drv_uart_tx_abort), (44 bytes).
    Removing nrf_drv_uart.o(i.nrf_drv_uart_uninit), (108 bytes).
    Removing nrf_drv_uart.o(i.nrf_gpio_cfg_default), (18 bytes).
    Removing pstorage.o(.rev16_text), (4 bytes).
    Removing pstorage.o(.revsh_text), (4 bytes).
    Removing pstorage.o(i.app_notify), (44 bytes).
    Removing pstorage.o(i.app_notify_error_state_transit), (32 bytes).
    Removing pstorage.o(i.clear_operation_execute), (260 bytes).
    Removing pstorage.o(i.clear_post_processing_run), (36 bytes).
    Removing pstorage.o(i.cmd_process), (56 bytes).
    Removing pstorage.o(i.cmd_queue_element_init), (32 bytes).
    Removing pstorage.o(i.cmd_queue_enqueue), (76 bytes).
    Removing pstorage.o(i.command_end_procedure_run), (60 bytes).
    Removing pstorage.o(i.data_page_erase_state_run), (84 bytes).
    Removing pstorage.o(i.data_to_swap_write_state_run), (40 bytes).
    Removing pstorage.o(i.flash_api_err_code_process), (32 bytes).
    Removing pstorage.o(i.flash_operation_success_run), (128 bytes).
    Removing pstorage.o(i.flash_page_erase), (10 bytes).
    Removing pstorage.o(i.flash_write), (10 bytes).
    Removing pstorage.o(i.head_restore_state_run), (120 bytes).
    Removing pstorage.o(i.is_page_erase_required), (68 bytes).
    Removing pstorage.o(i.is_word_aligned), (12 bytes).
    Removing pstorage.o(i.main_state_err_busy_process), (24 bytes).
    Removing pstorage.o(i.pstorage_block_identifier_get), (84 bytes).
    Removing pstorage.o(i.pstorage_clear), (164 bytes).
    Removing pstorage.o(i.pstorage_flash_page_end), (36 bytes).
    Removing pstorage.o(i.pstorage_flash_page_size), (10 bytes).
    Removing pstorage.o(i.pstorage_init), (76 bytes).
    Removing pstorage.o(i.pstorage_load), (168 bytes).
    Removing pstorage.o(i.pstorage_register), (188 bytes).
    Removing pstorage.o(i.pstorage_store), (144 bytes).
    Removing pstorage.o(i.pstorage_sys_event_handler), (76 bytes).
    Removing pstorage.o(i.pstorage_update), (144 bytes).
    Removing pstorage.o(i.sm_state_change), (72 bytes).
    Removing pstorage.o(i.state_data_erase_swap_entry_run), (100 bytes).
    Removing pstorage.o(i.state_erase_data_page_entry_run), (16 bytes).
    Removing pstorage.o(i.state_restore_head_entry_run), (40 bytes).
    Removing pstorage.o(i.state_restore_tail_entry_run), (76 bytes).
    Removing pstorage.o(i.state_swap_erase_entry_run), (32 bytes).
    Removing pstorage.o(i.state_write_data_swap_entry_run), (48 bytes).
    Removing pstorage.o(i.store_cmd_flash_write_execute), (92 bytes).
    Removing pstorage.o(i.swap_erase_state_run), (28 bytes).
    Removing pstorage.o(i.swap_sub_state_err_busy_process), (24 bytes).
    Removing pstorage.o(i.swap_sub_state_state_change), (20 bytes).
    Removing pstorage.o(i.tail_restore_state_run), (28 bytes).
    Removing pstorage.o(.constdata), (40 bytes).
    Removing app_button.o(.rev16_text), (4 bytes).
    Removing app_button.o(.revsh_text), (4 bytes).
    Removing app_button.o(i.app_button_disable), (44 bytes).
    Removing app_button.o(i.app_button_is_pushed), (44 bytes).
    Removing app_error.o(.rev16_text), (4 bytes).
    Removing app_error.o(.revsh_text), (4 bytes).
    Removing app_fifo.o(i.app_fifo_flush), (8 bytes).
    Removing app_fifo.o(i.app_fifo_read), (70 bytes).
    Removing app_fifo.o(i.app_fifo_write), (74 bytes).
    Removing app_timer.o(.rev16_text), (4 bytes).
    Removing app_timer.o(.revsh_text), (4 bytes).
    Removing app_timer.o(i.app_timer_cnt_diff_compute), (12 bytes).
    Removing app_timer.o(i.app_timer_cnt_get), (16 bytes).
    Removing app_timer.o(i.app_timer_stop_all), (68 bytes).
    Removing retarget.o(.rev16_text), (4 bytes).
    Removing retarget.o(.revsh_text), (4 bytes).
    Removing retarget.o(i.fgetc), (18 bytes).
    Removing retarget.o(.data), (4 bytes).
    Removing softdevice_handler.o(.rev16_text), (4 bytes).
    Removing softdevice_handler.o(.revsh_text), (4 bytes).
    Removing softdevice_handler.o(i.softdevice_handler_isEnabled), (12 bytes).
    Removing softdevice_handler.o(i.softdevice_handler_sd_disable), (24 bytes).
    Removing softdevice_handler.o(i.softdevice_sys_evt_handler_set), (20 bytes).
    Removing arm_startup_nrf51.o(HEAP), (2048 bytes).
    Removing system_nrf51.o(.rev16_text), (4 bytes).
    Removing system_nrf51.o(.revsh_text), (4 bytes).
    Removing system_nrf51.o(i.SystemCoreClockUpdate), (16 bytes).
    Removing dadd.o(.text), (356 bytes).
    Removing dmul.o(.text), (208 bytes).
    Removing ddiv.o(.text), (240 bytes).
    Removing dfixul.o(.text), (64 bytes).
    Removing cdrcmple.o(.text), (40 bytes).
    Removing depilogue.o(.text), (190 bytes).
    Removing depilogue.o(i.__ARM_clz), (46 bytes).

143 unused section(s) (total 9460 bytes) removed from the image.

==============================================================================

Image Symbol Table

    Local Symbols

    Symbol Name                              Value     Ov Type        Size  Object(Section)

    ../clib/microlib/division.c              0x00000000   Number         0  uldiv.o ABSOLUTE
    ../clib/microlib/division.c              0x00000000   Number         0  idiv.o ABSOLUTE
    ../clib/microlib/division.c              0x00000000   Number         0  uidiv.o ABSOLUTE
    ../clib/microlib/init/entry.s            0x00000000   Number         0  entry.o ABSOLUTE
    ../clib/microlib/init/entry.s            0x00000000   Number         0  entry9a.o ABSOLUTE
    ../clib/microlib/init/entry.s            0x00000000   Number         0  entry10a.o ABSOLUTE
    ../clib/microlib/init/entry.s            0x00000000   Number         0  entry8a.o ABSOLUTE
    ../clib/microlib/init/entry.s            0x00000000   Number         0  entry8b.o ABSOLUTE
    ../clib/microlib/init/entry.s            0x00000000   Number         0  entry11b.o ABSOLUTE
    ../clib/microlib/init/entry.s            0x00000000   Number         0  entry10b.o ABSOLUTE
    ../clib/microlib/init/entry.s            0x00000000   Number         0  entry9b.o ABSOLUTE
    ../clib/microlib/init/entry.s            0x00000000   Number         0  entry2.o ABSOLUTE
    ../clib/microlib/init/entry.s            0x00000000   Number         0  entry5.o ABSOLUTE
    ../clib/microlib/init/entry.s            0x00000000   Number         0  entry7a.o ABSOLUTE
    ../clib/microlib/init/entry.s            0x00000000   Number         0  entry11a.o ABSOLUTE
    ../clib/microlib/init/entry.s            0x00000000   Number         0  entry7b.o ABSOLUTE
    ../clib/microlib/longlong.c              0x00000000   Number         0  llsshr.o ABSOLUTE
    ../clib/microlib/longlong.c              0x00000000   Number         0  llushr.o ABSOLUTE
    ../clib/microlib/longlong.c              0x00000000   Number         0  llshl.o ABSOLUTE
    ../clib/microlib/printf/printf.c         0x00000000   Number         0  printf1.o ABSOLUTE
    ../clib/microlib/printf/printf.c         0x00000000   Number         0  printf0.o ABSOLUTE
    ../clib/microlib/printf/printf.c         0x00000000   Number         0  printf5.o ABSOLUTE
    ../clib/microlib/printf/printf.c         0x00000000   Number         0  printf3.o ABSOLUTE
    ../clib/microlib/printf/printf.c         0x00000000   Number         0  printfb.o ABSOLUTE
    ../clib/microlib/printf/printf.c         0x00000000   Number         0  printf4.o ABSOLUTE
    ../clib/microlib/printf/printf.c         0x00000000   Number         0  printf6.o ABSOLUTE
    ../clib/microlib/printf/printf.c         0x00000000   Number         0  printf8.o ABSOLUTE
    ../clib/microlib/printf/printf.c         0x00000000   Number         0  printfa.o ABSOLUTE
    ../clib/microlib/printf/printf.c         0x00000000   Number         0  printf2.o ABSOLUTE
    ../clib/microlib/printf/printf.c         0x00000000   Number         0  printf7.o ABSOLUTE
    ../clib/microlib/printf/stubs.s          0x00000000   Number         0  stubs.o ABSOLUTE
    ../clib/microlib/string/memcpy.c         0x00000000   Number         0  memcpya.o ABSOLUTE
    ../clib/microlib/string/memcpy.c         0x00000000   Number         0  memcpyb.o ABSOLUTE
    ../clib/microlib/string/memset.c         0x00000000   Number         0  memseta.o ABSOLUTE
    ../clib/microlib/string/strlen.c         0x00000000   Number         0  strlen.o ABSOLUTE
    ../clib/microlib/stubs.s                 0x00000000   Number         0  iusefp.o ABSOLUTE
    ../fplib/microlib/fpadd.c                0x00000000   Number         0  dadd.o ABSOLUTE
    ../fplib/microlib/fpdiv.c                0x00000000   Number         0  ddiv.o ABSOLUTE
    ../fplib/microlib/fpepilogue.c           0x00000000   Number         0  depilogue.o ABSOLUTE
    ../fplib/microlib/fpfix.c                0x00000000   Number         0  dfixul.o ABSOLUTE
    ../fplib/microlib/fpmul.c                0x00000000   Number         0  dmul.o ABSOLUTE
    ..\..\..\..\..\..\components\ble\ble_advertising\ble_advertising.c 0x00000000   Number         0  ble_advertising.o ABSOLUTE
    ..\..\..\..\..\..\components\ble\ble_services\ble_nus\ble_nus.c 0x00000000   Number         0  ble_nus.o ABSOLUTE
    ..\..\..\..\..\..\components\ble\common\ble_advdata.c 0x00000000   Number         0  ble_advdata.o ABSOLUTE
    ..\..\..\..\..\..\components\ble\common\ble_conn_params.c 0x00000000   Number         0  ble_conn_params.o ABSOLUTE
    ..\..\..\..\..\..\components\ble\common\ble_srv_common.c 0x00000000   Number         0  ble_srv_common.o ABSOLUTE
    ..\..\..\..\..\..\components\drivers_nrf\common\nrf_drv_common.c 0x00000000   Number         0  nrf_drv_common.o ABSOLUTE
    ..\..\..\..\..\..\components\drivers_nrf\delay\nrf_delay.c 0x00000000   Number         0  nrf_delay.o ABSOLUTE
    ..\..\..\..\..\..\components\drivers_nrf\gpiote\nrf_drv_gpiote.c 0x00000000   Number         0  nrf_drv_gpiote.o ABSOLUTE
    ..\..\..\..\..\..\components\drivers_nrf\pstorage\pstorage.c 0x00000000   Number         0  pstorage.o ABSOLUTE
    ..\..\..\..\..\..\components\drivers_nrf\uart\nrf_drv_uart.c 0x00000000   Number         0  nrf_drv_uart.o ABSOLUTE
    ..\..\..\..\..\..\components\libraries\button\app_button.c 0x00000000   Number         0  app_button.o ABSOLUTE
    ..\..\..\..\..\..\components\libraries\fifo\app_fifo.c 0x00000000   Number         0  app_fifo.o ABSOLUTE
    ..\..\..\..\..\..\components\libraries\timer\app_timer.c 0x00000000   Number         0  app_timer.o ABSOLUTE
    ..\..\..\..\..\..\components\libraries\trace\app_trace.c 0x00000000   Number         0  app_trace.o ABSOLUTE
    ..\..\..\..\..\..\components\libraries\uart\app_uart_fifo.c 0x00000000   Number         0  app_uart_fifo.o ABSOLUTE
    ..\..\..\..\..\..\components\libraries\uart\retarget.c 0x00000000   Number         0  retarget.o ABSOLUTE
    ..\..\..\..\..\..\components\libraries\util\app_error.c 0x00000000   Number         0  app_error.o ABSOLUTE
    ..\..\..\..\..\..\components\libraries\util\nrf_assert.c 0x00000000   Number         0  nrf_assert.o ABSOLUTE
    ..\..\..\..\..\..\components\softdevice\common\softdevice_handler\softdevice_handler.c 0x00000000   Number         0  softdevice_handler.o ABSOLUTE
    ..\..\..\..\..\bsp\bsp.c                 0x00000000   Number         0  bsp.o ABSOLUTE
    ..\..\..\..\..\bsp\bsp_btn_ble.c         0x00000000   Number         0  bsp_btn_ble.o ABSOLUTE
    ..\..\..\main.c                          0x00000000   Number         0  main.o ABSOLUTE
    ..\\..\\..\\..\\..\\..\\components\\ble\\ble_advertising\\ble_advertising.c 0x00000000   Number         0  ble_advertising.o ABSOLUTE
    ..\\..\\..\\..\\..\\..\\components\\drivers_nrf\\common\\nrf_drv_common.c 0x00000000   Number         0  nrf_drv_common.o ABSOLUTE
    ..\\..\\..\\..\\..\\..\\components\\drivers_nrf\\delay\\nrf_delay.c 0x00000000   Number         0  nrf_delay.o ABSOLUTE
    ..\\..\\..\\..\\..\\..\\components\\drivers_nrf\\gpiote\\nrf_drv_gpiote.c 0x00000000   Number         0  nrf_drv_gpiote.o ABSOLUTE
    ..\\..\\..\\..\\..\\..\\components\\drivers_nrf\\pstorage\\pstorage.c 0x00000000   Number         0  pstorage.o ABSOLUTE
    ..\\..\\..\\..\\..\\..\\components\\drivers_nrf\\uart\\nrf_drv_uart.c 0x00000000   Number         0  nrf_drv_uart.o ABSOLUTE
    ..\\..\\..\\..\\..\\..\\components\\libraries\\button\\app_button.c 0x00000000   Number         0  app_button.o ABSOLUTE
    ..\\..\\..\\..\\..\\..\\components\\libraries\\timer\\app_timer.c 0x00000000   Number         0  app_timer.o ABSOLUTE
    ..\\..\\..\\..\\..\\..\\components\\libraries\\uart\\app_uart_fifo.c 0x00000000   Number         0  app_uart_fifo.o ABSOLUTE
    ..\\..\\..\\..\\..\\..\\components\\libraries\\uart\\retarget.c 0x00000000   Number         0  retarget.o ABSOLUTE
    ..\\..\\..\\..\\..\\..\\components\\libraries\\util\\app_error.c 0x00000000   Number         0  app_error.o ABSOLUTE
    ..\\..\\..\\..\\..\\..\\components\\softdevice\\common\\softdevice_handler\\softdevice_handler.c 0x00000000   Number         0  softdevice_handler.o ABSOLUTE
    ..\\..\\..\\..\\..\\bsp\\bsp.c           0x00000000   Number         0  bsp.o ABSOLUTE
    ..\\..\\..\\..\\..\\bsp\\bsp_btn_ble.c   0x00000000   Number         0  bsp_btn_ble.o ABSOLUTE
    ..\\..\\..\\main.c                       0x00000000   Number         0  main.o ABSOLUTE
    RTE\Device\nRF51822_xxAC\arm_startup_nrf51.s 0x00000000   Number         0  arm_startup_nrf51.o ABSOLUTE
    RTE\Device\nRF51822_xxAC\system_nrf51.c  0x00000000   Number         0  system_nrf51.o ABSOLUTE
    RTE\\Device\\nRF51822_xxAC\\system_nrf51.c 0x00000000   Number         0  system_nrf51.o ABSOLUTE
    cdrcmple.s                               0x00000000   Number         0  cdrcmple.o ABSOLUTE
    dc.s                                     0x00000000   Number         0  dc.o ABSOLUTE
    handlers.s                               0x00000000   Number         0  handlers.o ABSOLUTE
    init.s                                   0x00000000   Number         0  init.o ABSOLUTE
    RESET                                    0x0001c000   Section      192  arm_startup_nrf51.o(RESET)
    .ARM.Collect$$$$00000000                 0x0001c0c0   Section        0  entry.o(.ARM.Collect$$$$00000000)
    .ARM.Collect$$$$00000001                 0x0001c0c0   Section        4  entry2.o(.ARM.Collect$$$$00000001)
    .ARM.Collect$$$$00000004                 0x0001c0c4   Section        4  entry5.o(.ARM.Collect$$$$00000004)
    .ARM.Collect$$$$00000008                 0x0001c0c8   Section        0  entry7b.o(.ARM.Collect$$$$00000008)
    .ARM.Collect$$$$0000000A                 0x0001c0c8   Section        0  entry8b.o(.ARM.Collect$$$$0000000A)
    .ARM.Collect$$$$0000000B                 0x0001c0c8   Section        8  entry9a.o(.ARM.Collect$$$$0000000B)
    .ARM.Collect$$$$0000000D                 0x0001c0d0   Section        0  entry10a.o(.ARM.Collect$$$$0000000D)
    .ARM.Collect$$$$0000000F                 0x0001c0d0   Section        0  entry11a.o(.ARM.Collect$$$$0000000F)
    .ARM.Collect$$$$00002712                 0x0001c0d0   Section        4  entry2.o(.ARM.Collect$$$$00002712)
    __lit__00000000                          0x0001c0d0   Data           4  entry2.o(.ARM.Collect$$$$00002712)
    .emb_text                                0x0001c0d4   Section       30  nrf_delay.o(.emb_text)
    .emb_text                                0x0001c0f4   Section       30  app_timer.o(.emb_text)
    .text                                    0x0001c114   Section       56  arm_startup_nrf51.o(.text)
    .text                                    0x0001c14c   Section        0  uidiv.o(.text)
    .text                                    0x0001c178   Section        0  memcpya.o(.text)
    .text                                    0x0001c19c   Section        0  memseta.o(.text)
    .text                                    0x0001c1c0   Section        0  uldiv.o(.text)
    .text                                    0x0001c220   Section       36  init.o(.text)
    .text                                    0x0001c244   Section        0  llshl.o(.text)
    .text                                    0x0001c264   Section        0  llushr.o(.text)
    i.ADC_IRQHandler                         0x0001c288   Section        0  main.o(i.ADC_IRQHandler)
    i.GPIOTE_IRQHandler                      0x0001c2f0   Section        0  nrf_drv_gpiote.o(i.GPIOTE_IRQHandler)
    i.NVIC_SetPriority                       0x0001c3f8   Section        0  app_timer.o(i.NVIC_SetPriority)
    NVIC_SetPriority                         0x0001c3f9   Thumb Code    60  app_timer.o(i.NVIC_SetPriority)
    i.RTC1_IRQHandler                        0x0001c43c   Section        0  app_timer.o(i.RTC1_IRQHandler)
    i.SWI0_IRQHandler                        0x0001c45c   Section        0  app_timer.o(i.SWI0_IRQHandler)
    i.SWI2_IRQHandler                        0x0001c464   Section        0  softdevice_handler.o(i.SWI2_IRQHandler)
    i.SystemInit                             0x0001c488   Section        0  system_nrf51.o(i.SystemInit)
    i.UART0_IRQHandler                       0x0001c4dc   Section        0  nrf_drv_uart.o(i.UART0_IRQHandler)
    i.__0printf$8                            0x0001c5e0   Section        0  printf8.o(i.__0printf$8)
    i.__ARM_common_switch8                   0x0001c600   Section        0  bsp.o(i.__ARM_common_switch8)
    i.__scatterload_copy                     0x0001c61a   Section       14  handlers.o(i.__scatterload_copy)
    i.__scatterload_null                     0x0001c628   Section        2  handlers.o(i.__scatterload_null)
    i.__scatterload_zeroinit                 0x0001c62a   Section       14  handlers.o(i.__scatterload_zeroinit)
    i._printf_core                           0x0001c638   Section        0  printf8.o(i._printf_core)
    _printf_core                             0x0001c639   Thumb Code  1020  printf8.o(i._printf_core)
    i._printf_post_padding                   0x0001ca60   Section        0  printf8.o(i._printf_post_padding)
    _printf_post_padding                     0x0001ca61   Thumb Code    32  printf8.o(i._printf_post_padding)
    i._printf_pre_padding                    0x0001ca80   Section        0  printf8.o(i._printf_pre_padding)
    _printf_pre_padding                      0x0001ca81   Thumb Code    44  printf8.o(i._printf_pre_padding)
    i.adc_init                               0x0001caac   Section        0  main.o(i.adc_init)
    i.adc_start                              0x0001cae0   Section        0  main.o(i.adc_start)
    i.adv_data_encode                        0x0001caf4   Section        0  ble_advdata.o(i.adv_data_encode)
    i.advertising_buttons_configure          0x0001cd0a   Section        0  bsp_btn_ble.o(i.advertising_buttons_configure)
    advertising_buttons_configure            0x0001cd0b   Thumb Code    60  bsp_btn_ble.o(i.advertising_buttons_configure)
    i.advertising_init2                      0x0001cd48   Section        0  main.o(i.advertising_init2)
    advertising_init2                        0x0001cd49   Thumb Code   104  main.o(i.advertising_init2)
    i.alert_timer_handler                    0x0001cdc0   Section        0  bsp.o(i.alert_timer_handler)
    alert_timer_handler                      0x0001cdc1   Thumb Code    20  bsp.o(i.alert_timer_handler)
    i.app_button_enable                      0x0001cdd8   Section        0  app_button.o(i.app_button_enable)
    i.app_button_init                        0x0001cdfc   Section        0  app_button.o(i.app_button_init)
    i.app_error_handler                      0x0001ce70   Section        0  app_error.o(i.app_error_handler)
    i.app_fifo_get                           0x0001ce8c   Section        0  app_fifo.o(i.app_fifo_get)
    i.app_fifo_init                          0x0001cea2   Section        0  app_fifo.o(i.app_fifo_init)
    i.app_fifo_put                           0x0001cec6   Section        0  app_fifo.o(i.app_fifo_put)
    i.app_timer_create                       0x0001cee0   Section        0  app_timer.o(i.app_timer_create)
    i.app_timer_init                         0x0001cf0c   Section        0  app_timer.o(i.app_timer_init)
    i.app_timer_start                        0x0001cf9c   Section        0  app_timer.o(i.app_timer_start)
    i.app_timer_stop                         0x0001d018   Section        0  app_timer.o(i.app_timer_stop)
    i.app_uart_get                           0x0001d06c   Section        0  app_uart_fifo.o(i.app_uart_get)
    i.app_uart_init                          0x0001d0a0   Section        0  app_uart_fifo.o(i.app_uart_init)
    i.app_uart_put                           0x0001d140   Section        0  app_uart_fifo.o(i.app_uart_put)
    i.ble_advdata_set                        0x0001d168   Section        0  ble_advdata.o(i.ble_advdata_set)
    i.ble_advertising_on_ble_evt             0x0001d1d0   Section        0  ble_advertising.o(i.ble_advertising_on_ble_evt)
    i.ble_advertising_peer_address_clear     0x0001d24c   Section        0  ble_advertising.o(i.ble_advertising_peer_address_clear)
    ble_advertising_peer_address_clear       0x0001d24d   Thumb Code    12  ble_advertising.o(i.ble_advertising_peer_address_clear)
    i.ble_advertising_start                  0x0001d25c   Section        0  ble_advertising.o(i.ble_advertising_start)
    i.ble_conn_params_on_ble_evt             0x0001d43c   Section        0  ble_conn_params.o(i.ble_conn_params_on_ble_evt)
    i.ble_device_addr_encode                 0x0001d4cc   Section        0  ble_advdata.o(i.ble_device_addr_encode)
    ble_device_addr_encode                   0x0001d4cd   Thumb Code    94  ble_advdata.o(i.ble_device_addr_encode)
    i.ble_evt_dispatch                       0x0001d52c   Section        0  main.o(i.ble_evt_dispatch)
    ble_evt_dispatch                         0x0001d52d   Thumb Code    36  main.o(i.ble_evt_dispatch)
    i.ble_nus_init                           0x0001d554   Section        0  ble_nus.o(i.ble_nus_init)
    i.ble_nus_on_ble_evt                     0x0001d5bc   Section        0  ble_nus.o(i.ble_nus_on_ble_evt)
    i.ble_nus_string_send                    0x0001d614   Section        0  ble_nus.o(i.ble_nus_string_send)
    i.bsp_btn_ble_on_ble_evt                 0x0001d668   Section        0  bsp_btn_ble.o(i.bsp_btn_ble_on_ble_evt)
    i.bsp_button_event_handler               0x0001d6e0   Section        0  bsp.o(i.bsp_button_event_handler)
    bsp_button_event_handler                 0x0001d6e1   Thumb Code   148  bsp.o(i.bsp_button_event_handler)
    i.bsp_event_to_button_action_assign      0x0001d780   Section        0  bsp.o(i.bsp_event_to_button_action_assign)
    i.bsp_indication_set                     0x0001d7c8   Section        0  bsp.o(i.bsp_indication_set)
    i.bsp_init                               0x0001d7e4   Section        0  bsp.o(i.bsp_init)
    i.bsp_led_indication                     0x0001d884   Section        0  bsp.o(i.bsp_led_indication)
    bsp_led_indication                       0x0001d885   Thumb Code   492  bsp.o(i.bsp_led_indication)
    i.button_timer_handler                   0x0001da7c   Section        0  bsp.o(i.button_timer_handler)
    button_timer_handler                     0x0001da7d   Thumb Code    12  bsp.o(i.button_timer_handler)
    i.channel_free                           0x0001da88   Section        0  nrf_drv_gpiote.o(i.channel_free)
    channel_free                             0x0001da89   Thumb Code    22  nrf_drv_gpiote.o(i.channel_free)
    i.channel_port_alloc                     0x0001daa4   Section        0  nrf_drv_gpiote.o(i.channel_port_alloc)
    channel_port_alloc                       0x0001daa5   Thumb Code    66  nrf_drv_gpiote.o(i.channel_port_alloc)
    i.channel_port_get                       0x0001daec   Section        0  nrf_drv_gpiote.o(i.channel_port_get)
    channel_port_get                         0x0001daed   Thumb Code    10  nrf_drv_gpiote.o(i.channel_port_get)
    i.compare_reg_update                     0x0001dafc   Section        0  app_timer.o(i.compare_reg_update)
    compare_reg_update                       0x0001dafd   Thumb Code   142  app_timer.o(i.compare_reg_update)
    i.conn_int_encode                        0x0001dba4   Section        0  ble_advdata.o(i.conn_int_encode)
    conn_int_encode                          0x0001dba5   Thumb Code   130  ble_advdata.o(i.conn_int_encode)
    i.conn_params_negotiation                0x0001dc2c   Section        0  ble_conn_params.o(i.conn_params_negotiation)
    conn_params_negotiation                  0x0001dc2d   Thumb Code    92  ble_conn_params.o(i.conn_params_negotiation)
    i.detection_delay_timeout_handler        0x0001dc94   Section        0  app_button.o(i.detection_delay_timeout_handler)
    detection_delay_timeout_handler          0x0001dc95   Thumb Code    90  app_button.o(i.detection_delay_timeout_handler)
    i.elapsed_ticks_acquire                  0x0001dcf4   Section        0  app_timer.o(i.elapsed_ticks_acquire)
    elapsed_ticks_acquire                    0x0001dcf5   Thumb Code    58  app_timer.o(i.elapsed_ticks_acquire)
    i.fifo_get                               0x0001dd34   Section        0  app_fifo.o(i.fifo_get)
    fifo_get                                 0x0001dd35   Thumb Code    20  app_fifo.o(i.fifo_get)
    i.fifo_put                               0x0001dd48   Section        0  app_fifo.o(i.fifo_put)
    fifo_put                                 0x0001dd49   Thumb Code    18  app_fifo.o(i.fifo_put)
    i.fputc                                  0x0001dd5a   Section        0  retarget.o(i.fputc)
    i.gpiote_event_handler                   0x0001dd68   Section        0  app_button.o(i.gpiote_event_handler)
    gpiote_event_handler                     0x0001dd69   Thumb Code    72  app_button.o(i.gpiote_event_handler)
    i.intern_softdevice_events_execute       0x0001ddb8   Section        0  softdevice_handler.o(i.intern_softdevice_events_execute)
    i.is_conn_params_ok                      0x0001de38   Section        0  ble_conn_params.o(i.is_conn_params_ok)
    is_conn_params_ok                        0x0001de39   Thumb Code    24  ble_conn_params.o(i.is_conn_params_ok)
    i.is_manual_peripheral_setup_needed      0x0001de54   Section        0  system_nrf51.o(i.is_manual_peripheral_setup_needed)
    is_manual_peripheral_setup_needed        0x0001de55   Thumb Code    66  system_nrf51.o(i.is_manual_peripheral_setup_needed)
    i.le_role_encode                         0x0001de9c   Section        0  ble_advdata.o(i.le_role_encode)
    le_role_encode                           0x0001de9d   Thumb Code    84  ble_advdata.o(i.le_role_encode)
    i.leds_timer_handler                     0x0001def0   Section        0  bsp.o(i.leds_timer_handler)
    leds_timer_handler                       0x0001def1   Thumb Code    18  bsp.o(i.leds_timer_handler)
    i.list_deletions_handler                 0x0001df08   Section        0  app_timer.o(i.list_deletions_handler)
    list_deletions_handler                   0x0001df09   Thumb Code   180  app_timer.o(i.list_deletions_handler)
    i.list_insertions_handler                0x0001dfc4   Section        0  app_timer.o(i.list_insertions_handler)
    list_insertions_handler                  0x0001dfc5   Thumb Code   202  app_timer.o(i.list_insertions_handler)
    i.main                                   0x0001e098   Section        0  main.o(i.main)
    i.manuf_specific_data_encode             0x0001e22c   Section        0  ble_advdata.o(i.manuf_specific_data_encode)
    manuf_specific_data_encode               0x0001e22d   Thumb Code   104  ble_advdata.o(i.manuf_specific_data_encode)
    i.name_encode                            0x0001e294   Section        0  ble_advdata.o(i.name_encode)
    name_encode                              0x0001e295   Thumb Code   158  ble_advdata.o(i.name_encode)
    i.nrf_delay_ms                           0x0001e334   Section        0  nrf_delay.o(i.nrf_delay_ms)
    i.nrf_drv_common_irq_enable              0x0001e350   Section        0  nrf_drv_common.o(i.nrf_drv_common_irq_enable)
    i.nrf_drv_gpiote_in_event_enable         0x0001e3b0   Section        0  nrf_drv_gpiote.o(i.nrf_drv_gpiote_in_event_enable)
    i.nrf_drv_gpiote_in_init                 0x0001e450   Section        0  nrf_drv_gpiote.o(i.nrf_drv_gpiote_in_init)
    i.nrf_drv_gpiote_in_is_set               0x0001e4f4   Section        0  nrf_drv_gpiote.o(i.nrf_drv_gpiote_in_is_set)
    i.nrf_drv_gpiote_init                    0x0001e508   Section        0  nrf_drv_gpiote.o(i.nrf_drv_gpiote_init)
    i.nrf_drv_gpiote_is_init                 0x0001e55c   Section        0  nrf_drv_gpiote.o(i.nrf_drv_gpiote_is_init)
    i.nrf_drv_uart_init                      0x0001e56c   Section        0  nrf_drv_uart.o(i.nrf_drv_uart_init)
    i.nrf_drv_uart_rx                        0x0001e61c   Section        0  nrf_drv_uart.o(i.nrf_drv_uart_rx)
    i.nrf_drv_uart_rx_enable                 0x0001e6d0   Section        0  nrf_drv_uart.o(i.nrf_drv_uart_rx_enable)
    i.nrf_drv_uart_tx                        0x0001e6e8   Section        0  nrf_drv_uart.o(i.nrf_drv_uart_tx)
    i.nrf_gpio_cfg                           0x0001e774   Section        0  nrf_drv_gpiote.o(i.nrf_gpio_cfg)
    nrf_gpio_cfg                             0x0001e775   Thumb Code    32  nrf_drv_gpiote.o(i.nrf_gpio_cfg)
    i.nrf_gpio_cfg                           0x0001e798   Section        0  nrf_drv_uart.o(i.nrf_gpio_cfg)
    nrf_gpio_cfg                             0x0001e799   Thumb Code    32  nrf_drv_uart.o(i.nrf_gpio_cfg)
    i.nrf_gpio_cfg_input                     0x0001e7bc   Section        0  nrf_drv_uart.o(i.nrf_gpio_cfg_input)
    nrf_gpio_cfg_input                       0x0001e7bd   Thumb Code    18  nrf_drv_uart.o(i.nrf_gpio_cfg_input)
    i.nrf_gpio_cfg_output                    0x0001e7ce   Section        0  nrf_drv_uart.o(i.nrf_gpio_cfg_output)
    nrf_gpio_cfg_output                      0x0001e7cf   Thumb Code    20  nrf_drv_uart.o(i.nrf_gpio_cfg_output)
    i.nrf_gpio_cfg_sense_set                 0x0001e7e4   Section        0  nrf_drv_gpiote.o(i.nrf_gpio_cfg_sense_set)
    nrf_gpio_cfg_sense_set                   0x0001e7e5   Thumb Code    26  nrf_drv_gpiote.o(i.nrf_gpio_cfg_sense_set)
    i.nrf_gpiote_event_is_set                0x0001e804   Section        0  nrf_drv_gpiote.o(i.nrf_gpiote_event_is_set)
    nrf_gpiote_event_is_set                  0x0001e805   Thumb Code    14  nrf_drv_gpiote.o(i.nrf_gpiote_event_is_set)
    i.nrf_uart_event_check                   0x0001e818   Section        0  nrf_drv_uart.o(i.nrf_uart_event_check)
    nrf_uart_event_check                     0x0001e819   Thumb Code    10  nrf_drv_uart.o(i.nrf_uart_event_check)
    i.nrf_uart_int_enable_check              0x0001e822   Section        0  nrf_drv_uart.o(i.nrf_uart_int_enable_check)
    nrf_uart_int_enable_check                0x0001e823   Thumb Code    16  nrf_drv_uart.o(i.nrf_uart_int_enable_check)
    i.nus_data_handler                       0x0001e832   Section        0  main.o(i.nus_data_handler)
    nus_data_handler                         0x0001e833   Thumb Code    38  main.o(i.nus_data_handler)
    i.on_ble_evt                             0x0001e858   Section        0  main.o(i.on_ble_evt)
    on_ble_evt                               0x0001e859   Thumb Code   108  main.o(i.on_ble_evt)
    i.peer_address_exists                    0x0001e8c8   Section        0  ble_advertising.o(i.peer_address_exists)
    peer_address_exists                      0x0001e8c9   Thumb Code    22  ble_advertising.o(i.peer_address_exists)
    i.pin_in_use_by_port                     0x0001e8e0   Section        0  nrf_drv_gpiote.o(i.pin_in_use_by_port)
    pin_in_use_by_port                       0x0001e8e1   Thumb Code    20  nrf_drv_gpiote.o(i.pin_in_use_by_port)
    i.pin_in_use_by_te                       0x0001e8f8   Section        0  nrf_drv_gpiote.o(i.pin_in_use_by_te)
    pin_in_use_by_te                         0x0001e8f9   Thumb Code    20  nrf_drv_gpiote.o(i.pin_in_use_by_te)
    i.pstorage_access_status_get             0x0001e910   Section        0  pstorage.o(i.pstorage_access_status_get)
    i.rtc1_stop                              0x0001e938   Section        0  app_timer.o(i.rtc1_stop)
    rtc1_stop                                0x0001e939   Thumb Code    50  app_timer.o(i.rtc1_stop)
    i.rx_byte                                0x0001e97c   Section        0  nrf_drv_uart.o(i.rx_byte)
    rx_byte                                  0x0001e97d   Thumb Code    30  nrf_drv_uart.o(i.rx_byte)
    i.rx_char_add                            0x0001e9a8   Section        0  ble_nus.o(i.rx_char_add)
    rx_char_add                              0x0001e9a9   Thumb Code   158  ble_nus.o(i.rx_char_add)
    i.rx_done_event                          0x0001ea48   Section        0  nrf_drv_uart.o(i.rx_done_event)
    rx_done_event                            0x0001ea49   Thumb Code    28  nrf_drv_uart.o(i.rx_done_event)
    i.rx_enable                              0x0001ea68   Section        0  nrf_drv_uart.o(i.rx_enable)
    rx_enable                                0x0001ea69   Thumb Code    22  nrf_drv_uart.o(i.rx_enable)
    i.service_data_encode                    0x0001ea84   Section        0  ble_advdata.o(i.service_data_encode)
    service_data_encode                      0x0001ea85   Thumb Code   142  ble_advdata.o(i.service_data_encode)
    i.softdevice_assertion_handler           0x0001eb12   Section        0  softdevice_handler.o(i.softdevice_assertion_handler)
    i.softdevice_ble_evt_handler_set         0x0001eb20   Section        0  softdevice_handler.o(i.softdevice_ble_evt_handler_set)
    i.softdevice_handler_init                0x0001eb34   Section        0  softdevice_handler.o(i.softdevice_handler_init)
    i.timer_list_handler                     0x0001eb64   Section        0  app_timer.o(i.timer_list_handler)
    timer_list_handler                       0x0001eb65   Thumb Code   128  app_timer.o(i.timer_list_handler)
    i.timer_list_handler_sched               0x0001ebe8   Section        0  app_timer.o(i.timer_list_handler_sched)
    timer_list_handler_sched                 0x0001ebe9   Thumb Code    10  app_timer.o(i.timer_list_handler_sched)
    i.timer_list_insert                      0x0001ebf8   Section        0  app_timer.o(i.timer_list_insert)
    timer_list_insert                        0x0001ebf9   Thumb Code    60  app_timer.o(i.timer_list_insert)
    i.timer_timeouts_check                   0x0001ec38   Section        0  app_timer.o(i.timer_timeouts_check)
    timer_timeouts_check                     0x0001ec39   Thumb Code   122  app_timer.o(i.timer_timeouts_check)
    i.tx_byte                                0x0001ecbc   Section        0  nrf_drv_uart.o(i.tx_byte)
    tx_byte                                  0x0001ecbd   Thumb Code    30  nrf_drv_uart.o(i.tx_byte)
    i.tx_char_add                            0x0001ece8   Section        0  ble_nus.o(i.tx_char_add)
    tx_char_add                              0x0001ece9   Thumb Code   128  ble_nus.o(i.tx_char_add)
    i.tx_done_event                          0x0001ed68   Section        0  nrf_drv_uart.o(i.tx_done_event)
    tx_done_event                            0x0001ed69   Thumb Code    26  nrf_drv_uart.o(i.tx_done_event)
    i.uart_event_handle                      0x0001ed88   Section        0  main.o(i.uart_event_handle)
    i.uart_event_handler                     0x0001edf0   Section        0  app_uart_fifo.o(i.uart_event_handler)
    uart_event_handler                       0x0001edf1   Thumb Code   156  app_uart_fifo.o(i.uart_event_handler)
    i.uint16_encode                          0x0001ee94   Section        0  ble_advdata.o(i.uint16_encode)
    uint16_encode                            0x0001ee95   Thumb Code    10  ble_advdata.o(i.uint16_encode)
    i.user_id_get                            0x0001eea0   Section        0  app_timer.o(i.user_id_get)
    user_id_get                              0x0001eea1   Thumb Code    74  app_timer.o(i.user_id_get)
    i.user_op_alloc                          0x0001eef4   Section        0  app_timer.o(i.user_op_alloc)
    user_op_alloc                            0x0001eef5   Thumb Code    38  app_timer.o(i.user_op_alloc)
    i.uuid_list_encode                       0x0001ef1a   Section        0  ble_advdata.o(i.uuid_list_encode)
    uuid_list_encode                         0x0001ef1b   Thumb Code    48  ble_advdata.o(i.uuid_list_encode)
    i.uuid_list_sized_encode                 0x0001ef4a   Section        0  ble_advdata.o(i.uuid_list_sized_encode)
    uuid_list_sized_encode                   0x0001ef4b   Thumb Code   174  ble_advdata.o(i.uuid_list_sized_encode)
    i.whitelist_has_entries                  0x0001eff8   Section        0  ble_advertising.o(i.whitelist_has_entries)
    whitelist_has_entries                    0x0001eff9   Thumb Code    16  ble_advertising.o(i.whitelist_has_entries)
    .constdata                               0x0001f008   Section       12  main.o(.constdata)
    .constdata                               0x0001f014   Section       60  bsp.o(.constdata)
    m_leds_timer_id                          0x0001f014   Data           4  bsp.o(.constdata)
    m_alert_timer_id                         0x0001f018   Data           4  bsp.o(.constdata)
    m_button_timer_id                        0x0001f01c   Data           4  bsp.o(.constdata)
    m_buttons_list                           0x0001f020   Data          16  bsp.o(.constdata)
    app_buttons                              0x0001f030   Data          32  bsp.o(.constdata)
    .constdata                               0x0001f050   Section        4  ble_conn_params.o(.constdata)
    m_conn_params_timer_id                   0x0001f050   Data           4  ble_conn_params.o(.constdata)
    .constdata                               0x0001f054   Section       16  ble_nus.o(.constdata)
    .constdata                               0x0001f064   Section       32  app_uart_fifo.o(.constdata)
    .constdata                               0x0001f084   Section       32  nrf_drv_uart.o(.constdata)
    m_default_config                         0x0001f084   Data          32  nrf_drv_uart.o(.constdata)
    .constdata                               0x0001f0a4   Section        8  app_button.o(.constdata)
    m_detection_delay_timer_id               0x0001f0a4   Data           4  app_button.o(.constdata)
    .data                                    0x20002800   Section       31  main.o(.data)
    index                                    0x20002800   Data           1  main.o(.data)
    m_conn_handle                            0x20002802   Data           2  main.o(.data)
    m_beacon_info                            0x20002808   Data          23  main.o(.data)
    .data                                    0x20002820   Section       24  bsp.o(.data)
    m_stable_state                           0x20002820   Data           1  bsp.o(.data)
    current_long_push_pin_no                 0x20002821   Data           1  bsp.o(.data)
    m_app_ticks_per_100ms                    0x20002824   Data           4  bsp.o(.data)
    m_indication_type                        0x20002828   Data           4  bsp.o(.data)
    m_alert_mask                             0x2000282c   Data           4  bsp.o(.data)
    m_registered_callback                    0x20002830   Data           4  bsp.o(.data)
    release_event_at_push                    0x20002834   Data           4  bsp.o(.data)
    .data                                    0x20002838   Section        8  bsp_btn_ble.o(.data)
    m_error_handler                          0x20002838   Data           4  bsp_btn_ble.o(.data)
    m_num_connections                        0x2000283c   Data           4  bsp_btn_ble.o(.data)
    .data                                    0x20002840   Section       31  ble_advertising.o(.data)
    m_advertising_start_pending              0x20002840   Data           1  ble_advertising.o(.data)
    m_whitelist_temporarily_disabled         0x20002841   Data           1  ble_advertising.o(.data)
    m_whitelist_reply_expected               0x20002842   Data           1  ble_advertising.o(.data)
    m_peer_addr_reply_expected               0x20002843   Data           1  ble_advertising.o(.data)
    m_adv_evt                                0x20002844   Data           1  ble_advertising.o(.data)
    m_adv_mode_current                       0x20002845   Data           1  ble_advertising.o(.data)
    m_tx_power_level                         0x20002846   Data           1  ble_advertising.o(.data)
    current_slave_link_conn_handle           0x20002848   Data           2  ble_advertising.o(.data)
    m_evt_handler                            0x2000284c   Data           4  ble_advertising.o(.data)
    m_error_handler                          0x20002850   Data           4  ble_advertising.o(.data)
    m_slave_conn_int                         0x20002854   Data           4  ble_advertising.o(.data)
    m_peer_address                           0x20002858   Data           7  ble_advertising.o(.data)
    .data                                    0x20002860   Section       20  ble_conn_params.o(.data)
    m_change_param                           0x20002860   Data           1  ble_conn_params.o(.data)
    m_update_count                           0x20002861   Data           1  ble_conn_params.o(.data)
    m_conn_handle                            0x20002862   Data           2  ble_conn_params.o(.data)
    m_preferred_conn_params                  0x20002864   Data           8  ble_conn_params.o(.data)
    m_current_conn_params                    0x2000286c   Data           8  ble_conn_params.o(.data)
    .data                                    0x20002874   Section        8  app_uart_fifo.o(.data)
    tx_buffer                                0x20002874   Data           1  app_uart_fifo.o(.data)
    tx_tmp                                   0x20002875   Data           1  app_uart_fifo.o(.data)
    rx_buffer                                0x20002876   Data           1  app_uart_fifo.o(.data)
    m_event_handler                          0x20002878   Data           4  app_uart_fifo.o(.data)
    .data                                    0x2000287c   Section       36  pstorage.o(.data)
    m_state                                  0x2000287c   Data           1  pstorage.o(.data)
    m_swap_sub_state                         0x2000287d   Data           1  pstorage.o(.data)
    m_next_app_instance                      0x2000287e   Data           2  pstorage.o(.data)
    m_flags                                  0x20002880   Data           4  pstorage.o(.data)
    m_next_page_addr                         0x20002884   Data           4  pstorage.o(.data)
    m_head_word_size                         0x20002888   Data           4  pstorage.o(.data)
    m_tail_word_size                         0x2000288c   Data           4  pstorage.o(.data)
    m_current_page_id                        0x20002890   Data           4  pstorage.o(.data)
    m_num_of_command_retries                 0x20002894   Data           4  pstorage.o(.data)
    m_num_of_bytes_written                   0x20002898   Data           4  pstorage.o(.data)
    m_app_data_size                          0x2000289c   Data           4  pstorage.o(.data)
    .data                                    0x200028a0   Section       20  app_button.o(.data)
    m_button_count                           0x200028a0   Data           1  app_button.o(.data)
    mp_buttons                               0x200028a4   Data           4  app_button.o(.data)
    m_detection_delay                        0x200028a8   Data           4  app_button.o(.data)
    m_pin_state                              0x200028ac   Data           4  app_button.o(.data)
    m_pin_transition                         0x200028b0   Data           4  app_button.o(.data)
    .data                                    0x200028b4   Section       32  app_timer.o(.data)
    m_user_array_size                        0x200028b4   Data           1  app_timer.o(.data)
    m_ticks_elapsed_q_read_ind               0x200028b5   Data           1  app_timer.o(.data)
    m_ticks_elapsed_q_write_ind              0x200028b6   Data           1  app_timer.o(.data)
    m_rtc1_running                           0x200028b7   Data           1  app_timer.o(.data)
    m_rtc1_reset                             0x200028b8   Data           1  app_timer.o(.data)
    mp_users                                 0x200028bc   Data           4  app_timer.o(.data)
    mp_timer_id_head                         0x200028c0   Data           4  app_timer.o(.data)
    m_ticks_latest                           0x200028c4   Data           4  app_timer.o(.data)
    m_evt_schedule_func                      0x200028c8   Data           4  app_timer.o(.data)
    m_ticks_elapsed                          0x200028cc   Data           8  app_timer.o(.data)
    .data                                    0x200028d4   Section        4  retarget.o(.data)
    .data                                    0x200028d8   Section       20  softdevice_handler.o(.data)
    m_softdevice_enabled                     0x200028d8   Data           1  softdevice_handler.o(.data)
    m_ble_evt_buffer_size                    0x200028da   Data           2  softdevice_handler.o(.data)
    m_evt_schedule_func                      0x200028dc   Data           4  softdevice_handler.o(.data)
    mp_ble_evt_buffer                        0x200028e0   Data           4  softdevice_handler.o(.data)
    m_ble_evt_handler                        0x200028e4   Data           4  softdevice_handler.o(.data)
    m_sys_evt_handler                        0x200028e8   Data           4  softdevice_handler.o(.data)
    .data                                    0x200028ec   Section        4  system_nrf51.o(.data)
    __tagsym$$used                           0x200028ec   Number         0  system_nrf51.o(.data)
    .bss                                     0x200028f0   Section     1112  main.o(.bss)
    BLE_EVT_BUFFER                           0x200028f0   Data          72  main.o(.bss)
    data_array                               0x20002938   Data          20  main.o(.bss)
    rx_buf                                   0x2000294c   Data         256  main.o(.bss)
    tx_buf                                   0x20002a4c   Data         256  main.o(.bss)
    APP_TIMER_BUF                            0x20002b4c   Data         456  main.o(.bss)
    m_adv_params                             0x20002d14   Data          24  main.o(.bss)
    m_nus                                    0x20002d2c   Data          28  main.o(.bss)
    .bss                                     0x20002d48   Section       32  bsp.o(.bss)
    m_leds_timer_id_data                     0x20002d48   Data          32  bsp.o(.bss)
    .bss                                     0x20002d68   Section       32  bsp.o(.bss)
    m_alert_timer_id_data                    0x20002d68   Data          32  bsp.o(.bss)
    .bss                                     0x20002d88   Section       12  bsp.o(.bss)
    m_events_list                            0x20002d88   Data          12  bsp.o(.bss)
    .bss                                     0x20002d94   Section       32  bsp.o(.bss)
    m_button_timer_id_data                   0x20002d94   Data          32  bsp.o(.bss)
    .bss                                     0x20002db4   Section      259  ble_advertising.o(.bss)
    m_advdata                                0x20002db4   Data          56  ble_advertising.o(.bss)
    m_adv_modes_config                       0x20002dec   Data          36  ble_advertising.o(.bss)
    m_whitelist                              0x20002e10   Data          16  ble_advertising.o(.bss)
    mp_whitelist_addr                        0x20002e20   Data          32  ble_advertising.o(.bss)
    mp_whitelist_irk                         0x20002e40   Data          32  ble_advertising.o(.bss)
    m_manuf_specific_data                    0x20002e60   Data          12  ble_advertising.o(.bss)
    m_manuf_data_array                       0x20002e6c   Data          31  ble_advertising.o(.bss)
    m_service_data                           0x20002e8c   Data          12  ble_advertising.o(.bss)
    m_service_data_array                     0x20002e98   Data          31  ble_advertising.o(.bss)
    .bss                                     0x20002eb8   Section       32  ble_conn_params.o(.bss)
    m_conn_params_timer_id_data              0x20002eb8   Data          32  ble_conn_params.o(.bss)
    .bss                                     0x20002ed8   Section       28  ble_conn_params.o(.bss)
    m_conn_params_config                     0x20002ed8   Data          28  ble_conn_params.o(.bss)
    .bss                                     0x20002ef4   Section       32  app_uart_fifo.o(.bss)
    m_rx_fifo                                0x20002ef4   Data          16  app_uart_fifo.o(.bss)
    m_tx_fifo                                0x20002f04   Data          16  app_uart_fifo.o(.bss)
    .bss                                     0x20002f14   Section       72  nrf_drv_gpiote.o(.bss)
    m_cb                                     0x20002f14   Data          72  nrf_drv_gpiote.o(.bss)
    .bss                                     0x20002f5c   Section       24  nrf_drv_uart.o(.bss)
    m_cb                                     0x20002f5c   Data          24  nrf_drv_uart.o(.bss)
    .bss                                     0x20002f74   Section      216  pstorage.o(.bss)
    m_cmd_queue                              0x20002f74   Data         204  pstorage.o(.bss)
    m_app_table                              0x20003040   Data          12  pstorage.o(.bss)
    .bss                                     0x2000304c   Section       32  app_button.o(.bss)
    m_detection_delay_timer_id_data          0x2000304c   Data          32  app_button.o(.bss)
    STACK                                    0x20003070   Section     2048  arm_startup_nrf51.o(STACK)

    Global Symbols

    Symbol Name                              Value     Ov Type        Size  Object(Section)

    BuildAttributes$$THM_ISAv3M$S$PE$A:L22$X:L11$S22$IEEE1$IW$USESV6$~STKCKD$USESV7$~SHL$OSPACE$ROPI$EBA8$MICROLIB$REQ8$PRES8$EABIv2 0x00000000   Number         0  anon$$obj.o ABSOLUTE
    __ARM_use_no_argv                        0x00000000   Number         0  main.o ABSOLUTE
    _printf_a                                0x00000000   Number         0  stubs.o ABSOLUTE
    _printf_c                                0x00000000   Number         0  stubs.o ABSOLUTE
    _printf_charcount                        0x00000000   Number         0  stubs.o ABSOLUTE
    _printf_d                                0x00000000   Number         0  stubs.o ABSOLUTE
    _printf_e                                0x00000000   Number         0  stubs.o ABSOLUTE
    _printf_f                                0x00000000   Number         0  stubs.o ABSOLUTE
    _printf_flags                            0x00000000   Number         0  stubs.o ABSOLUTE
    _printf_fp_dec                           0x00000000   Number         0  stubs.o ABSOLUTE
    _printf_fp_hex                           0x00000000   Number         0  stubs.o ABSOLUTE
    _printf_g                                0x00000000   Number         0  stubs.o ABSOLUTE
    _printf_i                                0x00000000   Number         0  stubs.o ABSOLUTE
    _printf_int_dec                          0x00000000   Number         0  stubs.o ABSOLUTE
    _printf_l                                0x00000000   Number         0  stubs.o ABSOLUTE
    _printf_lc                               0x00000000   Number         0  stubs.o ABSOLUTE
    _printf_ll                               0x00000000   Number         0  stubs.o ABSOLUTE
    _printf_lld                              0x00000000   Number         0  stubs.o ABSOLUTE
    _printf_lli                              0x00000000   Number         0  stubs.o ABSOLUTE
    _printf_llo                              0x00000000   Number         0  stubs.o ABSOLUTE
    _printf_llu                              0x00000000   Number         0  stubs.o ABSOLUTE
    _printf_llx                              0x00000000   Number         0  stubs.o ABSOLUTE
    _printf_longlong_dec                     0x00000000   Number         0  stubs.o ABSOLUTE
    _printf_longlong_hex                     0x00000000   Number         0  stubs.o ABSOLUTE
    _printf_longlong_oct                     0x00000000   Number         0  stubs.o ABSOLUTE
    _printf_ls                               0x00000000   Number         0  stubs.o ABSOLUTE
    _printf_mbtowc                           0x00000000   Number         0  stubs.o ABSOLUTE
    _printf_n                                0x00000000   Number         0  stubs.o ABSOLUTE
    _printf_o                                0x00000000   Number         0  stubs.o ABSOLUTE
    _printf_p                                0x00000000   Number         0  stubs.o ABSOLUTE
    _printf_percent                          0x00000000   Number         0  stubs.o ABSOLUTE
    _printf_pre_padding                      0x00000000   Number         0  stubs.o ABSOLUTE
    _printf_return_value                     0x00000000   Number         0  stubs.o ABSOLUTE
    _printf_s                                0x00000000   Number         0  stubs.o ABSOLUTE
    _printf_sizespec                         0x00000000   Number         0  stubs.o ABSOLUTE
    _printf_str                              0x00000000   Number         0  stubs.o ABSOLUTE
    _printf_truncate_signed                  0x00000000   Number         0  stubs.o ABSOLUTE
    _printf_truncate_unsigned                0x00000000   Number         0  stubs.o ABSOLUTE
    _printf_u                                0x00000000   Number         0  stubs.o ABSOLUTE
    _printf_wc                               0x00000000   Number         0  stubs.o ABSOLUTE
    _printf_wctomb                           0x00000000   Number         0  stubs.o ABSOLUTE
    _printf_widthprec                        0x00000000   Number         0  stubs.o ABSOLUTE
    _printf_x                                0x00000000   Number         0  stubs.o ABSOLUTE
    __cpp_initialize__aeabi_                  - Undefined Weak Reference
    __cxa_finalize                            - Undefined Weak Reference
    __decompress                              - Undefined Weak Reference
    _clock_init                               - Undefined Weak Reference
    _microlib_exit                            - Undefined Weak Reference
    __Vectors_Size                           0x000000c0   Number         0  arm_startup_nrf51.o ABSOLUTE
    __Vectors                                0x0001c000   Data           4  arm_startup_nrf51.o(RESET)
    __Vectors_End                            0x0001c0c0   Data           0  arm_startup_nrf51.o(RESET)
    __main                                   0x0001c0c1   Thumb Code     0  entry.o(.ARM.Collect$$$$00000000)
    _main_stk                                0x0001c0c1   Thumb Code     0  entry2.o(.ARM.Collect$$$$00000001)
    _main_scatterload                        0x0001c0c5   Thumb Code     0  entry5.o(.ARM.Collect$$$$00000004)
    __main_after_scatterload                 0x0001c0c9   Thumb Code     0  entry5.o(.ARM.Collect$$$$00000004)
    _main_clock                              0x0001c0c9   Thumb Code     0  entry7b.o(.ARM.Collect$$$$00000008)
    _main_cpp_init                           0x0001c0c9   Thumb Code     0  entry8b.o(.ARM.Collect$$$$0000000A)
    _main_init                               0x0001c0c9   Thumb Code     0  entry9a.o(.ARM.Collect$$$$0000000B)
    __rt_final_cpp                           0x0001c0d1   Thumb Code     0  entry10a.o(.ARM.Collect$$$$0000000D)
    __rt_final_exit                          0x0001c0d1   Thumb Code     0  entry11a.o(.ARM.Collect$$$$0000000F)
    __asm___11_nrf_delay_c_532987f3__nrf_delay_us 0x0001c0d5   Thumb Code    30  nrf_delay.o(.emb_text)
    __asm___11_app_timer_c_cd27f9c3__nrf_delay_us 0x0001c0f5   Thumb Code    30  app_timer.o(.emb_text)
    Reset_Handler                            0x0001c115   Thumb Code    26  arm_startup_nrf51.o(.text)
    NMI_Handler                              0x0001c12f   Thumb Code     2  arm_startup_nrf51.o(.text)
    HardFault_Handler                        0x0001c131   Thumb Code     2  arm_startup_nrf51.o(.text)
    SVC_Handler                              0x0001c133   Thumb Code     2  arm_startup_nrf51.o(.text)
    PendSV_Handler                           0x0001c135   Thumb Code     2  arm_startup_nrf51.o(.text)
    SysTick_Handler                          0x0001c137   Thumb Code     2  arm_startup_nrf51.o(.text)
    CCM_AAR_IRQHandler                       0x0001c139   Thumb Code     0  arm_startup_nrf51.o(.text)
    ECB_IRQHandler                           0x0001c139   Thumb Code     0  arm_startup_nrf51.o(.text)
    LPCOMP_IRQHandler                        0x0001c139   Thumb Code     0  arm_startup_nrf51.o(.text)
    POWER_CLOCK_IRQHandler                   0x0001c139   Thumb Code     0  arm_startup_nrf51.o(.text)
    QDEC_IRQHandler                          0x0001c139   Thumb Code     0  arm_startup_nrf51.o(.text)
    RADIO_IRQHandler                         0x0001c139   Thumb Code     0  arm_startup_nrf51.o(.text)
    RNG_IRQHandler                           0x0001c139   Thumb Code     0  arm_startup_nrf51.o(.text)
    RTC0_IRQHandler                          0x0001c139   Thumb Code     0  arm_startup_nrf51.o(.text)
    SPI0_TWI0_IRQHandler                     0x0001c139   Thumb Code     0  arm_startup_nrf51.o(.text)
    SPI1_TWI1_IRQHandler                     0x0001c139   Thumb Code     0  arm_startup_nrf51.o(.text)
    SWI1_IRQHandler                          0x0001c139   Thumb Code     0  arm_startup_nrf51.o(.text)
    SWI3_IRQHandler                          0x0001c139   Thumb Code     0  arm_startup_nrf51.o(.text)
    SWI4_IRQHandler                          0x0001c139   Thumb Code     0  arm_startup_nrf51.o(.text)
    SWI5_IRQHandler                          0x0001c139   Thumb Code     0  arm_startup_nrf51.o(.text)
    TEMP_IRQHandler                          0x0001c139   Thumb Code     0  arm_startup_nrf51.o(.text)
    TIMER0_IRQHandler                        0x0001c139   Thumb Code     0  arm_startup_nrf51.o(.text)
    TIMER1_IRQHandler                        0x0001c139   Thumb Code     0  arm_startup_nrf51.o(.text)
    TIMER2_IRQHandler                        0x0001c139   Thumb Code     0  arm_startup_nrf51.o(.text)
    WDT_IRQHandler                           0x0001c139   Thumb Code     0  arm_startup_nrf51.o(.text)
    __aeabi_uidiv                            0x0001c14d   Thumb Code     0  uidiv.o(.text)
    __aeabi_uidivmod                         0x0001c14d   Thumb Code    44  uidiv.o(.text)
    __aeabi_memcpy                           0x0001c179   Thumb Code    36  memcpya.o(.text)
    __aeabi_memcpy4                          0x0001c179   Thumb Code     0  memcpya.o(.text)
    __aeabi_memcpy8                          0x0001c179   Thumb Code     0  memcpya.o(.text)
    __aeabi_memset                           0x0001c19d   Thumb Code    14  memseta.o(.text)
    __aeabi_memset4                          0x0001c19d   Thumb Code     0  memseta.o(.text)
    __aeabi_memset8                          0x0001c19d   Thumb Code     0  memseta.o(.text)
    __aeabi_memclr                           0x0001c1ab   Thumb Code     4  memseta.o(.text)
    __aeabi_memclr4                          0x0001c1ab   Thumb Code     0  memseta.o(.text)
    __aeabi_memclr8                          0x0001c1ab   Thumb Code     0  memseta.o(.text)
    _memset$wrapper                          0x0001c1af   Thumb Code    18  memseta.o(.text)
    __aeabi_uldivmod                         0x0001c1c1   Thumb Code    96  uldiv.o(.text)
    __scatterload                            0x0001c221   Thumb Code    28  init.o(.text)
    __scatterload_rt2                        0x0001c221   Thumb Code     0  init.o(.text)
    __aeabi_llsl                             0x0001c245   Thumb Code    32  llshl.o(.text)
    _ll_shift_l                              0x0001c245   Thumb Code     0  llshl.o(.text)
    __aeabi_llsr                             0x0001c265   Thumb Code    34  llushr.o(.text)
    _ll_ushift_r                             0x0001c265   Thumb Code     0  llushr.o(.text)
    ADC_IRQHandler                           0x0001c289   Thumb Code    60  main.o(i.ADC_IRQHandler)
    GPIOTE_IRQHandler                        0x0001c2f1   Thumb Code   234  nrf_drv_gpiote.o(i.GPIOTE_IRQHandler)
    RTC1_IRQHandler                          0x0001c43d   Thumb Code    28  app_timer.o(i.RTC1_IRQHandler)
    SWI0_IRQHandler                          0x0001c45d   Thumb Code     8  app_timer.o(i.SWI0_IRQHandler)
    SWI2_IRQHandler                          0x0001c465   Thumb Code    32  softdevice_handler.o(i.SWI2_IRQHandler)
    SystemInit                               0x0001c489   Thumb Code    64  system_nrf51.o(i.SystemInit)
    UART0_IRQHandler                         0x0001c4dd   Thumb Code   244  nrf_drv_uart.o(i.UART0_IRQHandler)
    __0printf$8                              0x0001c5e1   Thumb Code    24  printf8.o(i.__0printf$8)
    __1printf$8                              0x0001c5e1   Thumb Code     0  printf8.o(i.__0printf$8)
    __2printf                                0x0001c5e1   Thumb Code     0  printf8.o(i.__0printf$8)
    __ARM_common_switch8                     0x0001c601   Thumb Code    26  bsp.o(i.__ARM_common_switch8)
    __scatterload_copy                       0x0001c61b   Thumb Code    14  handlers.o(i.__scatterload_copy)
    __scatterload_null                       0x0001c629   Thumb Code     2  handlers.o(i.__scatterload_null)
    __scatterload_zeroinit                   0x0001c62b   Thumb Code    14  handlers.o(i.__scatterload_zeroinit)
    adc_init                                 0x0001caad   Thumb Code    36  main.o(i.adc_init)
    adc_start                                0x0001cae1   Thumb Code    12  main.o(i.adc_start)
    adv_data_encode                          0x0001caf5   Thumb Code   534  ble_advdata.o(i.adv_data_encode)
    app_button_enable                        0x0001cdd9   Thumb Code    32  app_button.o(i.app_button_enable)
    app_button_init                          0x0001cdfd   Thumb Code   100  app_button.o(i.app_button_init)
    app_error_handler                        0x0001ce71   Thumb Code    18  app_error.o(i.app_error_handler)
    app_fifo_get                             0x0001ce8d   Thumb Code    22  app_fifo.o(i.app_fifo_get)
    app_fifo_init                            0x0001cea3   Thumb Code    36  app_fifo.o(i.app_fifo_init)
    app_fifo_put                             0x0001cec7   Thumb Code    26  app_fifo.o(i.app_fifo_put)
    app_timer_create                         0x0001cee1   Thumb Code    40  app_timer.o(i.app_timer_create)
    app_timer_init                           0x0001cf0d   Thumb Code   126  app_timer.o(i.app_timer_init)
    app_timer_start                          0x0001cf9d   Thumb Code   114  app_timer.o(i.app_timer_start)
    app_timer_stop                           0x0001d019   Thumb Code    78  app_timer.o(i.app_timer_stop)
    app_uart_get                             0x0001d06d   Thumb Code    44  app_uart_fifo.o(i.app_uart_get)
    app_uart_init                            0x0001d0a1   Thumb Code   144  app_uart_fifo.o(i.app_uart_init)
    app_uart_put                             0x0001d141   Thumb Code    30  app_uart_fifo.o(i.app_uart_put)
    ble_advdata_set                          0x0001d169   Thumb Code   104  ble_advdata.o(i.ble_advdata_set)
    ble_advertising_on_ble_evt               0x0001d1d1   Thumb Code   118  ble_advertising.o(i.ble_advertising_on_ble_evt)
    ble_advertising_start                    0x0001d25d   Thumb Code   470  ble_advertising.o(i.ble_advertising_start)
    ble_conn_params_on_ble_evt               0x0001d43d   Thumb Code   132  ble_conn_params.o(i.ble_conn_params_on_ble_evt)
    ble_nus_init                             0x0001d555   Thumb Code    98  ble_nus.o(i.ble_nus_init)
    ble_nus_on_ble_evt                       0x0001d5bd   Thumb Code    88  ble_nus.o(i.ble_nus_on_ble_evt)
    ble_nus_string_send                      0x0001d615   Thumb Code    78  ble_nus.o(i.ble_nus_string_send)
    bsp_btn_ble_on_ble_evt                   0x0001d669   Thumb Code   114  bsp_btn_ble.o(i.bsp_btn_ble_on_ble_evt)
    bsp_event_to_button_action_assign        0x0001d781   Thumb Code    66  bsp.o(i.bsp_event_to_button_action_assign)
    bsp_indication_set                       0x0001d7c9   Thumb Code    22  bsp.o(i.bsp_indication_set)
    bsp_init                                 0x0001d7e5   Thumb Code   134  bsp.o(i.bsp_init)
    fputc                                    0x0001dd5b   Thumb Code    14  retarget.o(i.fputc)
    intern_softdevice_events_execute         0x0001ddb9   Thumb Code   124  softdevice_handler.o(i.intern_softdevice_events_execute)
    main                                     0x0001e099   Thumb Code   324  main.o(i.main)
    nrf_delay_ms                             0x0001e335   Thumb Code    24  nrf_delay.o(i.nrf_delay_ms)
    nrf_drv_common_irq_enable                0x0001e351   Thumb Code    78  nrf_drv_common.o(i.nrf_drv_common_irq_enable)
    nrf_drv_gpiote_in_event_enable           0x0001e3b1   Thumb Code   138  nrf_drv_gpiote.o(i.nrf_drv_gpiote_in_event_enable)
    nrf_drv_gpiote_in_init                   0x0001e451   Thumb Code   146  nrf_drv_gpiote.o(i.nrf_drv_gpiote_in_init)
    nrf_drv_gpiote_in_is_set                 0x0001e4f5   Thumb Code    16  nrf_drv_gpiote.o(i.nrf_drv_gpiote_in_is_set)
    nrf_drv_gpiote_init                      0x0001e509   Thumb Code    76  nrf_drv_gpiote.o(i.nrf_drv_gpiote_init)
    nrf_drv_gpiote_is_init                   0x0001e55d   Thumb Code    12  nrf_drv_gpiote.o(i.nrf_drv_gpiote_is_init)
    nrf_drv_uart_init                        0x0001e56d   Thumb Code   152  nrf_drv_uart.o(i.nrf_drv_uart_init)
    nrf_drv_uart_rx                          0x0001e61d   Thumb Code   166  nrf_drv_uart.o(i.nrf_drv_uart_rx)
    nrf_drv_uart_rx_enable                   0x0001e6d1   Thumb Code    20  nrf_drv_uart.o(i.nrf_drv_uart_rx_enable)
    nrf_drv_uart_tx                          0x0001e6e9   Thumb Code   130  nrf_drv_uart.o(i.nrf_drv_uart_tx)
    pstorage_access_status_get               0x0001e911   Thumb Code    30  pstorage.o(i.pstorage_access_status_get)
    softdevice_assertion_handler             0x0001eb13   Thumb Code    12  softdevice_handler.o(i.softdevice_assertion_handler)
    softdevice_ble_evt_handler_set           0x0001eb21   Thumb Code    16  softdevice_handler.o(i.softdevice_ble_evt_handler_set)
    softdevice_handler_init                  0x0001eb35   Thumb Code    40  softdevice_handler.o(i.softdevice_handler_init)
    uart_event_handle                        0x0001ed89   Thumb Code    92  main.o(i.uart_event_handle)
    Region$$Table$$Base                      0x0001f0ac   Number         0  anon$$obj.o(Region$$Table)
    Region$$Table$$Limit                     0x0001f0cc   Number         0  anon$$obj.o(Region$$Table)
    m_vdd_measurement_volts                  0x20002804   Data           2  main.o(.data)
    m_vdd_measurement_raw                    0x20002806   Data           2  main.o(.data)
    __stdout                                 0x200028d4   Data           4  retarget.o(.data)
    SystemCoreClock                          0x200028ec   Data           4  system_nrf51.o(.data)
    __initial_sp                             0x20003870   Data           0  arm_startup_nrf51.o(STACK)



==============================================================================

Memory Map of the image

  Image Entry point : 0x0001c0c1

  Load Region LR_IROM1 (Base: 0x0001c000, Size: 0x000031bc, Max: 0x00024000, ABSOLUTE)

    Execution Region ER_IROM1 (Base: 0x0001c000, Size: 0x000030cc, Max: 0x00024000, ABSOLUTE)

    Base Addr    Size         Type   Attr      Idx    E Section Name        Object

    0x0001c000   0x000000c0   Data   RO         1799    RESET               arm_startup_nrf51.o
    0x0001c0c0   0x00000000   Code   RO         1841  * .ARM.Collect$$$$00000000  mc_p.l(entry.o)
    0x0001c0c0   0x00000004   Code   RO         2117    .ARM.Collect$$$$00000001  mc_p.l(entry2.o)
    0x0001c0c4   0x00000004   Code   RO         2120    .ARM.Collect$$$$00000004  mc_p.l(entry5.o)
    0x0001c0c8   0x00000000   Code   RO         2122    .ARM.Collect$$$$00000008  mc_p.l(entry7b.o)
    0x0001c0c8   0x00000000   Code   RO         2124    .ARM.Collect$$$$0000000A  mc_p.l(entry8b.o)
    0x0001c0c8   0x00000008   Code   RO         2125    .ARM.Collect$$$$0000000B  mc_p.l(entry9a.o)
    0x0001c0d0   0x00000000   Code   RO         2127    .ARM.Collect$$$$0000000D  mc_p.l(entry10a.o)
    0x0001c0d0   0x00000000   Code   RO         2129    .ARM.Collect$$$$0000000F  mc_p.l(entry11a.o)
    0x0001c0d0   0x00000004   Code   RO         2118    .ARM.Collect$$$$00002712  mc_p.l(entry2.o)
    0x0001c0d4   0x0000001e   Code   RO          765    .emb_text           nrf_delay.o
    0x0001c0f2   0x00000002   PAD
    0x0001c0f4   0x0000001e   Code   RO         1536    .emb_text           app_timer.o
    0x0001c112   0x00000002   PAD
    0x0001c114   0x00000038   Code   RO         1800    .text               arm_startup_nrf51.o
    0x0001c14c   0x0000002c   Code   RO         1844    .text               mc_p.l(uidiv.o)
    0x0001c178   0x00000024   Code   RO         1848    .text               mc_p.l(memcpya.o)
    0x0001c19c   0x00000024   Code   RO         1850    .text               mc_p.l(memseta.o)
    0x0001c1c0   0x00000060   Code   RO         2131    .text               mc_p.l(uldiv.o)
    0x0001c220   0x00000024   Code   RO         2144    .text               mc_p.l(init.o)
    0x0001c244   0x00000020   Code   RO         2146    .text               mc_p.l(llshl.o)
    0x0001c264   0x00000022   Code   RO         2148    .text               mc_p.l(llushr.o)
    0x0001c286   0x00000002   PAD
    0x0001c288   0x00000068   Code   RO            4    i.ADC_IRQHandler    main.o
    0x0001c2f0   0x00000108   Code   RO          819    i.GPIOTE_IRQHandler  nrf_drv_gpiote.o
    0x0001c3f8   0x00000044   Code   RO         1537    i.NVIC_SetPriority  app_timer.o
    0x0001c43c   0x00000020   Code   RO         1538    i.RTC1_IRQHandler   app_timer.o
    0x0001c45c   0x00000008   Code   RO         1539    i.SWI0_IRQHandler   app_timer.o
    0x0001c464   0x00000024   Code   RO         1735    i.SWI2_IRQHandler   softdevice_handler.o
    0x0001c488   0x00000054   Code   RO         1807    i.SystemInit        system_nrf51.o
    0x0001c4dc   0x00000104   Code   RO         1009    i.UART0_IRQHandler  nrf_drv_uart.o
    0x0001c5e0   0x00000020   Code   RO         2063    i.__0printf$8       mc_p.l(printf8.o)
    0x0001c600   0x0000001a   Code   RO          343    i.__ARM_common_switch8  bsp.o
    0x0001c61a   0x0000000e   Code   RO         2158    i.__scatterload_copy  mc_p.l(handlers.o)
    0x0001c628   0x00000002   Code   RO         2159    i.__scatterload_null  mc_p.l(handlers.o)
    0x0001c62a   0x0000000e   Code   RO         2160    i.__scatterload_zeroinit  mc_p.l(handlers.o)
    0x0001c638   0x00000428   Code   RO         2070    i._printf_core      mc_p.l(printf8.o)
    0x0001ca60   0x00000020   Code   RO         2071    i._printf_post_padding  mc_p.l(printf8.o)
    0x0001ca80   0x0000002c   Code   RO         2072    i._printf_pre_padding  mc_p.l(printf8.o)
    0x0001caac   0x00000034   Code   RO            5    i.adc_init          main.o
    0x0001cae0   0x00000014   Code   RO            6    i.adc_start         main.o
    0x0001caf4   0x00000216   Code   RO          398    i.adv_data_encode   ble_advdata.o
    0x0001cd0a   0x0000003c   Code   RO          361    i.advertising_buttons_configure  bsp_btn_ble.o
    0x0001cd46   0x00000002   PAD
    0x0001cd48   0x00000078   Code   RO            7    i.advertising_init2  main.o
    0x0001cdc0   0x00000018   Code   RO          249    i.alert_timer_handler  bsp.o
    0x0001cdd8   0x00000024   Code   RO         1401    i.app_button_enable  app_button.o
    0x0001cdfc   0x00000074   Code   RO         1402    i.app_button_init   app_button.o
    0x0001ce70   0x0000001c   Code   RO         1461    i.app_error_handler  app_error.o
    0x0001ce8c   0x00000016   Code   RO         1483    i.app_fifo_get      app_fifo.o
    0x0001cea2   0x00000024   Code   RO         1484    i.app_fifo_init     app_fifo.o
    0x0001cec6   0x0000001a   Code   RO         1485    i.app_fifo_put      app_fifo.o
    0x0001cee0   0x0000002c   Code   RO         1542    i.app_timer_create  app_timer.o
    0x0001cf0c   0x00000090   Code   RO         1543    i.app_timer_init    app_timer.o
    0x0001cf9c   0x0000007c   Code   RO         1544    i.app_timer_start   app_timer.o
    0x0001d018   0x00000054   Code   RO         1545    i.app_timer_stop    app_timer.o
    0x0001d06c   0x00000034   Code   RO          690    i.app_uart_get      app_uart_fifo.o
    0x0001d0a0   0x000000a0   Code   RO          691    i.app_uart_init     app_uart_fifo.o
    0x0001d140   0x00000028   Code   RO          692    i.app_uart_put      app_uart_fifo.o
    0x0001d168   0x00000068   Code   RO          399    i.ble_advdata_set   ble_advdata.o
    0x0001d1d0   0x0000007c   Code   RO          473    i.ble_advertising_on_ble_evt  ble_advertising.o
    0x0001d24c   0x00000010   Code   RO          476    i.ble_advertising_peer_address_clear  ble_advertising.o
    0x0001d25c   0x000001e0   Code   RO          478    i.ble_advertising_start  ble_advertising.o
    0x0001d43c   0x00000090   Code   RO          555    i.ble_conn_params_on_ble_evt  ble_conn_params.o
    0x0001d4cc   0x0000005e   Code   RO          400    i.ble_device_addr_encode  ble_advdata.o
    0x0001d52a   0x00000002   PAD
    0x0001d52c   0x00000028   Code   RO            9    i.ble_evt_dispatch  main.o
    0x0001d554   0x00000068   Code   RO          616    i.ble_nus_init      ble_nus.o
    0x0001d5bc   0x00000058   Code   RO          617    i.ble_nus_on_ble_evt  ble_nus.o
    0x0001d614   0x00000054   Code   RO          618    i.ble_nus_string_send  ble_nus.o
    0x0001d668   0x00000078   Code   RO          363    i.bsp_btn_ble_on_ble_evt  bsp_btn_ble.o
    0x0001d6e0   0x000000a0   Code   RO          250    i.bsp_button_event_handler  bsp.o
    0x0001d780   0x00000048   Code   RO          255    i.bsp_event_to_button_action_assign  bsp.o
    0x0001d7c8   0x0000001c   Code   RO          256    i.bsp_indication_set  bsp.o
    0x0001d7e4   0x000000a0   Code   RO          258    i.bsp_init          bsp.o
    0x0001d884   0x000001f8   Code   RO          259    i.bsp_led_indication  bsp.o
    0x0001da7c   0x0000000c   Code   RO          261    i.button_timer_handler  bsp.o
    0x0001da88   0x0000001c   Code   RO          820    i.channel_free      nrf_drv_gpiote.o
    0x0001daa4   0x00000048   Code   RO          821    i.channel_port_alloc  nrf_drv_gpiote.o
    0x0001daec   0x00000010   Code   RO          822    i.channel_port_get  nrf_drv_gpiote.o
    0x0001dafc   0x000000a8   Code   RO         1547    i.compare_reg_update  app_timer.o
    0x0001dba4   0x00000088   Code   RO          401    i.conn_int_encode   ble_advdata.o
    0x0001dc2c   0x00000068   Code   RO          557    i.conn_params_negotiation  ble_conn_params.o
    0x0001dc94   0x00000060   Code   RO         1404    i.detection_delay_timeout_handler  app_button.o
    0x0001dcf4   0x00000040   Code   RO         1548    i.elapsed_ticks_acquire  app_timer.o
    0x0001dd34   0x00000014   Code   RO         1488    i.fifo_get          app_fifo.o
    0x0001dd48   0x00000012   Code   RO         1489    i.fifo_put          app_fifo.o
    0x0001dd5a   0x0000000e   Code   RO         1702    i.fputc             retarget.o
    0x0001dd68   0x00000050   Code   RO         1405    i.gpiote_event_handler  app_button.o
    0x0001ddb8   0x00000080   Code   RO         1736    i.intern_softdevice_events_execute  softdevice_handler.o
    0x0001de38   0x0000001c   Code   RO          558    i.is_conn_params_ok  ble_conn_params.o
    0x0001de54   0x00000048   Code   RO         1808    i.is_manual_peripheral_setup_needed  system_nrf51.o
    0x0001de9c   0x00000054   Code   RO          402    i.le_role_encode    ble_advdata.o
    0x0001def0   0x00000018   Code   RO          262    i.leds_timer_handler  bsp.o
    0x0001df08   0x000000bc   Code   RO         1549    i.list_deletions_handler  app_timer.o
    0x0001dfc4   0x000000d4   Code   RO         1550    i.list_insertions_handler  app_timer.o
    0x0001e098   0x00000194   Code   RO           11    i.main              main.o
    0x0001e22c   0x00000068   Code   RO          403    i.manuf_specific_data_encode  ble_advdata.o
    0x0001e294   0x0000009e   Code   RO          404    i.name_encode       ble_advdata.o
    0x0001e332   0x00000002   PAD
    0x0001e334   0x0000001c   Code   RO          766    i.nrf_delay_ms      nrf_delay.o
    0x0001e350   0x00000060   Code   RO          793    i.nrf_drv_common_irq_enable  nrf_drv_common.o
    0x0001e3b0   0x000000a0   Code   RO          825    i.nrf_drv_gpiote_in_event_enable  nrf_drv_gpiote.o
    0x0001e450   0x000000a4   Code   RO          826    i.nrf_drv_gpiote_in_init  nrf_drv_gpiote.o
    0x0001e4f4   0x00000014   Code   RO          827    i.nrf_drv_gpiote_in_is_set  nrf_drv_gpiote.o
    0x0001e508   0x00000054   Code   RO          829    i.nrf_drv_gpiote_init  nrf_drv_gpiote.o
    0x0001e55c   0x00000010   Code   RO          830    i.nrf_drv_gpiote_is_init  nrf_drv_gpiote.o
    0x0001e56c   0x000000b0   Code   RO         1011    i.nrf_drv_uart_init  nrf_drv_uart.o
    0x0001e61c   0x000000b4   Code   RO         1012    i.nrf_drv_uart_rx   nrf_drv_uart.o
    0x0001e6d0   0x00000018   Code   RO         1015    i.nrf_drv_uart_rx_enable  nrf_drv_uart.o
    0x0001e6e8   0x0000008c   Code   RO         1016    i.nrf_drv_uart_tx   nrf_drv_uart.o
    0x0001e774   0x00000024   Code   RO          842    i.nrf_gpio_cfg      nrf_drv_gpiote.o
    0x0001e798   0x00000024   Code   RO         1019    i.nrf_gpio_cfg      nrf_drv_uart.o
    0x0001e7bc   0x00000012   Code   RO         1021    i.nrf_gpio_cfg_input  nrf_drv_uart.o
    0x0001e7ce   0x00000014   Code   RO         1022    i.nrf_gpio_cfg_output  nrf_drv_uart.o
    0x0001e7e2   0x00000002   PAD
    0x0001e7e4   0x00000020   Code   RO          844    i.nrf_gpio_cfg_sense_set  nrf_drv_gpiote.o
    0x0001e804   0x00000014   Code   RO          845    i.nrf_gpiote_event_is_set  nrf_drv_gpiote.o
    0x0001e818   0x0000000a   Code   RO         1023    i.nrf_uart_event_check  nrf_drv_uart.o
    0x0001e822   0x00000010   Code   RO         1024    i.nrf_uart_int_enable_check  nrf_drv_uart.o
    0x0001e832   0x00000026   Code   RO           12    i.nus_data_handler  main.o
    0x0001e858   0x00000070   Code   RO           13    i.on_ble_evt        main.o
    0x0001e8c8   0x00000016   Code   RO          480    i.peer_address_exists  ble_advertising.o
    0x0001e8de   0x00000002   PAD
    0x0001e8e0   0x00000018   Code   RO          846    i.pin_in_use_by_port  nrf_drv_gpiote.o
    0x0001e8f8   0x00000018   Code   RO          847    i.pin_in_use_by_te  nrf_drv_gpiote.o
    0x0001e910   0x00000028   Code   RO         1174    i.pstorage_access_status_get  pstorage.o
    0x0001e938   0x00000044   Code   RO         1551    i.rtc1_stop         app_timer.o
    0x0001e97c   0x0000002c   Code   RO         1025    i.rx_byte           nrf_drv_uart.o
    0x0001e9a8   0x0000009e   Code   RO          619    i.rx_char_add       ble_nus.o
    0x0001ea46   0x00000002   PAD
    0x0001ea48   0x00000020   Code   RO         1026    i.rx_done_event     nrf_drv_uart.o
    0x0001ea68   0x0000001c   Code   RO         1027    i.rx_enable         nrf_drv_uart.o
    0x0001ea84   0x0000008e   Code   RO          405    i.service_data_encode  ble_advdata.o
    0x0001eb12   0x0000000c   Code   RO         1737    i.softdevice_assertion_handler  softdevice_handler.o
    0x0001eb1e   0x00000002   PAD
    0x0001eb20   0x00000014   Code   RO         1738    i.softdevice_ble_evt_handler_set  softdevice_handler.o
    0x0001eb34   0x00000030   Code   RO         1739    i.softdevice_handler_init  softdevice_handler.o
    0x0001eb64   0x00000084   Code   RO         1552    i.timer_list_handler  app_timer.o
    0x0001ebe8   0x00000010   Code   RO         1553    i.timer_list_handler_sched  app_timer.o
    0x0001ebf8   0x00000040   Code   RO         1554    i.timer_list_insert  app_timer.o
    0x0001ec38   0x00000084   Code   RO         1555    i.timer_timeouts_check  app_timer.o
    0x0001ecbc   0x0000002c   Code   RO         1028    i.tx_byte           nrf_drv_uart.o
    0x0001ece8   0x00000080   Code   RO          620    i.tx_char_add       ble_nus.o
    0x0001ed68   0x00000020   Code   RO         1029    i.tx_done_event     nrf_drv_uart.o
    0x0001ed88   0x00000068   Code   RO           14    i.uart_event_handle  main.o
    0x0001edf0   0x000000a4   Code   RO          693    i.uart_event_handler  app_uart_fifo.o
    0x0001ee94   0x0000000a   Code   RO          406    i.uint16_encode     ble_advdata.o
    0x0001ee9e   0x00000002   PAD
    0x0001eea0   0x00000054   Code   RO         1556    i.user_id_get       app_timer.o
    0x0001eef4   0x00000026   Code   RO         1557    i.user_op_alloc     app_timer.o
    0x0001ef1a   0x00000030   Code   RO          407    i.uuid_list_encode  ble_advdata.o
    0x0001ef4a   0x000000ae   Code   RO          408    i.uuid_list_sized_encode  ble_advdata.o
    0x0001eff8   0x00000010   Code   RO          481    i.whitelist_has_entries  ble_advertising.o
    0x0001f008   0x0000000c   Data   RO           16    .constdata          main.o
    0x0001f014   0x0000003c   Data   RO          267    .constdata          bsp.o
    0x0001f050   0x00000004   Data   RO          562    .constdata          ble_conn_params.o
    0x0001f054   0x00000010   Data   RO          621    .constdata          ble_nus.o
    0x0001f064   0x00000020   Data   RO          695    .constdata          app_uart_fifo.o
    0x0001f084   0x00000020   Data   RO         1031    .constdata          nrf_drv_uart.o
    0x0001f0a4   0x00000008   Data   RO         1407    .constdata          app_button.o
    0x0001f0ac   0x00000020   Data   RO         2156    Region$$Table       anon$$obj.o


    Execution Region RW_IRAM1 (Base: 0x20002800, Size: 0x00001070, Max: 0x00005800, ABSOLUTE)

    Base Addr    Size         Type   Attr      Idx    E Section Name        Object

    0x20002800   0x0000001f   Data   RW           17    .data               main.o
    0x2000281f   0x00000001   PAD
    0x20002820   0x00000018   Data   RW          268    .data               bsp.o
    0x20002838   0x00000008   Data   RW          365    .data               bsp_btn_ble.o
    0x20002840   0x0000001f   Data   RW          483    .data               ble_advertising.o
    0x2000285f   0x00000001   PAD
    0x20002860   0x00000014   Data   RW          563    .data               ble_conn_params.o
    0x20002874   0x00000008   Data   RW          696    .data               app_uart_fifo.o
    0x2000287c   0x00000024   Data   RW         1199    .data               pstorage.o
    0x200028a0   0x00000014   Data   RW         1408    .data               app_button.o
    0x200028b4   0x00000020   Data   RW         1558    .data               app_timer.o
    0x200028d4   0x00000004   Data   RW         1703    .data               retarget.o
    0x200028d8   0x00000014   Data   RW         1743    .data               softdevice_handler.o
    0x200028ec   0x00000004   Data   RW         1809    .data               system_nrf51.o
    0x200028f0   0x00000458   Zero   RW           15    .bss                main.o
    0x20002d48   0x00000020   Zero   RW          263    .bss                bsp.o
    0x20002d68   0x00000020   Zero   RW          264    .bss                bsp.o
    0x20002d88   0x0000000c   Zero   RW          265    .bss                bsp.o
    0x20002d94   0x00000020   Zero   RW          266    .bss                bsp.o
    0x20002db4   0x00000103   Zero   RW          482    .bss                ble_advertising.o
    0x20002eb7   0x00000001   PAD
    0x20002eb8   0x00000020   Zero   RW          560    .bss                ble_conn_params.o
    0x20002ed8   0x0000001c   Zero   RW          561    .bss                ble_conn_params.o
    0x20002ef4   0x00000020   Zero   RW          694    .bss                app_uart_fifo.o
    0x20002f14   0x00000048   Zero   RW          848    .bss                nrf_drv_gpiote.o
    0x20002f5c   0x00000018   Zero   RW         1030    .bss                nrf_drv_uart.o
    0x20002f74   0x000000d8   Zero   RW         1197    .bss                pstorage.o
    0x2000304c   0x00000020   Zero   RW         1406    .bss                app_button.o
    0x2000306c   0x00000004   PAD
    0x20003070   0x00000800   Zero   RW         1797    STACK               arm_startup_nrf51.o


==============================================================================

Image component sizes


      Code (inc. data)   RO Data    RW Data    ZI Data      Debug   Object Name

       328         34          8         20         32       9086   app_button.o
        28         10          0          0          0       7704   app_error.o
       122          0          0          0          0       4366   app_fifo.o
      1700        152          0         32          0      29211   app_timer.o
       416         42         32          8         32      11842   app_uart_fifo.o
        56         18        192          0       2048        720   arm_startup_nrf51.o
      1588          6          0          0          0      19084   ble_advdata.o
       658         20          0         31        259       6053   ble_advertising.o
       276         28          4         20         60      11617   ble_conn_params.o
       562         12         16          0          0       5762   ble_nus.o
      1010         98         60         24        108       8644   bsp.o
       180          6          0          8          0       3253   bsp_btn_ble.o
       994        184         12         31       1112     102119   main.o
        58          4          0          0          0       1807   nrf_delay.o
        96         18          0          0          0       8464   nrf_drv_common.o
       960        128          0          0         72      22112   nrf_drv_gpiote.o
      1060        116         32          0         24      22860   nrf_drv_uart.o
        40         10          0         36        216       9873   pstorage.o
        14          0          0          4          0       2858   retarget.o
       244         20          0         20          0       6003   softdevice_handler.o
       156         26          0          4          0       2239   system_nrf51.o

    ----------------------------------------------------------------------
     10566        932        388        240       3968     295677   Object Totals
         0          0         32          0          0          0   (incl. Generated)
        20          0          0          2          5          0   (incl. Padding)

    ----------------------------------------------------------------------

      Code (inc. data)   RO Data    RW Data    ZI Data      Debug   Library Member Name

         0          0          0          0          0          0   entry.o
         0          0          0          0          0          0   entry10a.o
         0          0          0          0          0          0   entry11a.o
         8          4          0          0          0          0   entry2.o
         4          0          0          0          0          0   entry5.o
         0          0          0          0          0          0   entry7b.o
         0          0          0          0          0          0   entry8b.o
         8          4          0          0          0          0   entry9a.o
        30          0          0          0          0          0   handlers.o
        36          8          0          0          0         68   init.o
        32          0          0          0          0         68   llshl.o
        34          0          0          0          0         68   llushr.o
        36          0          0          0          0         60   memcpya.o
        36          0          0          0          0        100   memseta.o
      1172         52          0          0          0        324   printf8.o
        44          0          0          0          0         72   uidiv.o
        96          0          0          0          0         84   uldiv.o

    ----------------------------------------------------------------------
      1538         68          0          0          0        844   Library Totals
         2          0          0          0          0          0   (incl. Padding)

    ----------------------------------------------------------------------

      Code (inc. data)   RO Data    RW Data    ZI Data      Debug   Library Name

      1536         68          0          0          0        844   mc_p.l

    ----------------------------------------------------------------------
      1538         68          0          0          0        844   Library Totals

    ----------------------------------------------------------------------

==============================================================================


      Code (inc. data)   RO Data    RW Data    ZI Data      Debug   

     12104       1000        388        240       3968     291245   Grand Totals
     12104       1000        388        240       3968     291245   ELF Image Totals
     12104       1000        388        240          0          0   ROM Totals

==============================================================================

    Total RO  Size (Code + RO Data)                12492 (  12.20kB)
    Total RW  Size (RW Data + ZI Data)              4208 (   4.11kB)
    Total ROM Size (Code + RO Data + RW Data)      12732 (  12.43kB)

==============================================================================

